Archive member included to satisfy reference by file (symbol)

c:/program files/microchip/xc32/v4.00/bin/bin/../../lib/gcc/pic32c/8.3.1/../../../../pic32c/lib/thumb/v7e-m+dp/hard\libpic32c.a(data_init.o)
                              build/UDPServer/production/_ext/1719611761/startup_xc32.o (__pic32c_data_initialization)
c:/program files/microchip/xc32/v4.00/bin/bin/../../lib/gcc/pic32c/8.3.1/../../../../pic32c/lib/thumb/v7e-m+dp/hard\libc-musl.a(isalnum.o)
                              build/UDPServer/production/_ext/1488525653/dhcp.o (isalnum)
c:/program files/microchip/xc32/v4.00/bin/bin/../../lib/gcc/pic32c/8.3.1/../../../../pic32c/lib/thumb/v7e-m+dp/hard\libc-musl.a(isxdigit.o)
                              build/UDPServer/production/_ext/1488525653/tcpip_helpers.o (isxdigit)
c:/program files/microchip/xc32/v4.00/bin/bin/../../lib/gcc/pic32c/8.3.1/../../../../pic32c/lib/thumb/v7e-m+dp/hard\libc-musl.a(tolower.o)
                              build/UDPServer/production/_ext/1488525653/helpers.o (tolower)
c:/program files/microchip/xc32/v4.00/bin/bin/../../lib/gcc/pic32c/8.3.1/../../../../pic32c/lib/thumb/v7e-m+dp/hard\libc-musl.a(toupper.o)
                              build/UDPServer/production/_ext/1488525653/tcpip_helpers.o (toupper)
c:/program files/microchip/xc32/v4.00/bin/bin/../../lib/gcc/pic32c/8.3.1/../../../../pic32c/lib/thumb/v7e-m+dp/hard\libc-musl.a(__libc_start_main.o)
                              build/UDPServer/production/_ext/1719611761/startup_xc32.o (__libc_init_array)
c:/program files/microchip/xc32/v4.00/bin/bin/../../lib/gcc/pic32c/8.3.1/../../../../pic32c/lib/thumb/v7e-m+dp/hard\libc-musl.a(libc.o)
                              c:/program files/microchip/xc32/v4.00/bin/bin/../../lib/gcc/pic32c/8.3.1/../../../../pic32c/lib/thumb/v7e-m+dp/hard\libc-musl.a(__libc_start_main.o) (__progname_full)
c:/program files/microchip/xc32/v4.00/bin/bin/../../lib/gcc/pic32c/8.3.1/../../../../pic32c/lib/thumb/v7e-m+dp/hard\libc-musl.a(calloc.o)
                              build/UDPServer/production/_ext/1719611761/initialization.o (calloc)
c:/program files/microchip/xc32/v4.00/bin/bin/../../lib/gcc/pic32c/8.3.1/../../../../pic32c/lib/thumb/v7e-m+dp/hard\libc-musl.a(malloc.o)
                              build/UDPServer/production/_ext/1684283038/sys_command.o (free)
c:/program files/microchip/xc32/v4.00/bin/bin/../../lib/gcc/pic32c/8.3.1/../../../../pic32c/lib/thumb/v7e-m+dp/hard\libc-musl.a(expand_heap.o)
                              c:/program files/microchip/xc32/v4.00/bin/bin/../../lib/gcc/pic32c/8.3.1/../../../../pic32c/lib/thumb/v7e-m+dp/hard\libc-musl.a(malloc.o) (__expand_heap)
c:/program files/microchip/xc32/v4.00/bin/bin/../../lib/gcc/pic32c/8.3.1/../../../../pic32c/lib/thumb/v7e-m+dp/hard\libc-musl.a(rand.o)
                              build/UDPServer/production/_ext/1488525653/dhcp.o (rand)
c:/program files/microchip/xc32/v4.00/bin/bin/../../lib/gcc/pic32c/8.3.1/../../../../pic32c/lib/thumb/v7e-m+dp/hard\libc-musl.a(vsnprintf.o)
                              build/UDPServer/production/_ext/1684283038/sys_command.o (vsnprintf)
c:/program files/microchip/xc32/v4.00/bin/bin/../../lib/gcc/pic32c/8.3.1/../../../../pic32c/lib/thumb/v7e-m+dp/hard\libc-musl.a(snprintf.o)
                              (snprintf)
c:/program files/microchip/xc32/v4.00/bin/bin/../../lib/gcc/pic32c/8.3.1/../../../../pic32c/lib/thumb/v7e-m+dp/hard\libc-musl.a(sprintf.o)
                              (sprintf)
c:/program files/microchip/xc32/v4.00/bin/bin/../../lib/gcc/pic32c/8.3.1/../../../../pic32c/lib/thumb/v7e-m+dp/hard\libc-musl.a(vsprintf.o)
                              c:/program files/microchip/xc32/v4.00/bin/bin/../../lib/gcc/pic32c/8.3.1/../../../../pic32c/lib/thumb/v7e-m+dp/hard\libc-musl.a(sprintf.o) (vsprintf)
c:/program files/microchip/xc32/v4.00/bin/bin/../../lib/gcc/pic32c/8.3.1/../../../../pic32c/lib/thumb/v7e-m+dp/hard\libc-musl.a(atoi.o)
                              build/UDPServer/production/_ext/1488525653/tcpip_commands.o (atoi)
c:/program files/microchip/xc32/v4.00/bin/bin/../../lib/gcc/pic32c/8.3.1/../../../../pic32c/lib/thumb/v7e-m+dp/hard\libc-musl.a(strtol.o)
                              build/UDPServer/production/_ext/1488525653/tcpip_helpers.o (strtol)
c:/program files/microchip/xc32/v4.00/bin/bin/../../lib/gcc/pic32c/8.3.1/../../../../pic32c/lib/thumb/v7e-m+dp/hard\libc-musl.a(memcmp.o)
                              build/UDPServer/production/_ext/1765021834/drv_gmac.o (memcmp)
c:/program files/microchip/xc32/v4.00/bin/bin/../../lib/gcc/pic32c/8.3.1/../../../../pic32c/lib/thumb/v7e-m+dp/hard\libc-musl.a(memcpy.o)
                              build/UDPServer/production/_ext/1765021834/drv_gmac.o (memcpy)
c:/program files/microchip/xc32/v4.00/bin/bin/../../lib/gcc/pic32c/8.3.1/../../../../pic32c/lib/thumb/v7e-m+dp/hard\libc-musl.a(memset.o)
                              build/UDPServer/production/_ext/305229558/drv_ethphy.o (memset)
[...]
Memory Configuration

Name             Origin             Length             Attributes
rom              0x00400000         0x00200000         xrl
ram              0x20400000         0x00060000         xw !r
itcm             0x00000000         0x00000000         xw
dtcm             0x20000000         0x00000000         xw !r
*default*        0x00000000         0xffffffff

Linker script and memory map

LOAD c:/program files/microchip/xc32/v4.00/bin/bin/../../lib/gcc/pic32c/8.3.1/thumb/v7e-m+dp/hard/crti.o
LOAD c:/program files/microchip/xc32/v4.00/bin/bin/../../lib/gcc/pic32c/8.3.1/thumb/v7e-m+dp/hard/crtbegin.o
LOAD build/UDPServer/production/_ext/305229558/drv_ethphy.o
LOAD build/UDPServer/production/_ext/305229558/drv_extphy_ksz8061.o
LOAD build/UDPServer/production/_ext/1765021834/drv_gmac.o
LOAD build/UDPServer/production/_ext/1765021834/drv_gmac_lib_samE7x_V7x.o
LOAD build/UDPServer/production/_ext/657064018/drv_miim.o
LOAD build/UDPServer/production/_ext/1488525653/helpers.o
LOAD build/UDPServer/production/_ext/1488525653/icmp.o
LOAD build/UDPServer/production/_ext/1488525653/arp.o
LOAD build/UDPServer/production/_ext/1488525653/tcpip_commands.o
LOAD build/UDPServer/production/_ext/1488525653/ipv4.o
LOAD build/UDPServer/production/_ext/1488525653/tcpip_heap_alloc.o
LOAD build/UDPServer/production/_ext/1488525653/tcpip_heap_internal.o
LOAD build/UDPServer/production/_ext/1488525653/dhcp.o
LOAD build/UDPServer/production/_ext/1488525653/dns.o
LOAD build/UDPServer/production/_ext/1488525653/hash_fnv.o
LOAD build/UDPServer/production/_ext/1488525653/oahash.o
LOAD build/UDPServer/production/_ext/1488525653/tcpip_helpers.o
LOAD build/UDPServer/production/_ext/1488525653/tcpip_manager.o
LOAD build/UDPServer/production/_ext/1488525653/tcpip_notify.o
LOAD build/UDPServer/production/_ext/1488525653/tcpip_packet.o
LOAD build/UDPServer/production/_ext/1488525653/udp.o
LOAD build/UDPServer/production/_ext/1555995027/plib_clk.o
LOAD build/UDPServer/production/_ext/1555993299/plib_efc.o
LOAD build/UDPServer/production/_ext/1555985283/plib_mpu.o
LOAD build/UDPServer/production/_ext/990868233/plib_nvic.o
LOAD build/UDPServer/production/_ext/1555982623/plib_pio.o
LOAD build/UDPServer/production/_ext/1473827780/plib_tc0.o
LOAD build/UDPServer/production/_ext/645775984/plib_usart1.o
LOAD build/UDPServer/production/_ext/217394283/xc32_monitor.o
LOAD build/UDPServer/production/_ext/385554560/sys_cache.o
LOAD build/UDPServer/production/_ext/1684283038/sys_command.o
LOAD build/UDPServer/production/_ext/1227570858/sys_console_uart.o
LOAD build/UDPServer/production/_ext/1227570858/sys_console.o
LOAD build/UDPServer/production/_ext/1702209242/sys_debug.o
LOAD build/UDPServer/production/_ext/265507906/sys_int.o
LOAD build/UDPServer/production/_ext/371567283/sys_reset.o
LOAD build/UDPServer/production/_ext/1336745700/sys_time.o
LOAD build/UDPServer/production/_ext/1845636979/sys_time_h2_adapter.o
LOAD build/UDPServer/production/_ext/1719611761/tasks.o
LOAD build/UDPServer/production/_ext/1719611761/initialization.o
LOAD build/UDPServer/production/_ext/1719611761/interrupts.o
LOAD build/UDPServer/production/_ext/1719611761/exceptions.o
LOAD build/UDPServer/production/_ext/1719611761/startup_xc32.o
LOAD build/UDPServer/production/_ext/1719611761/libc_syscalls.o
LOAD build/UDPServer/production/_ext/1360937237/app.o
LOAD build/UDPServer/production/_ext/1360937237/main.o
LOAD build/UDPServer/production/_ext/1488525653/tcpip_announce.o
                0x00000001                __MPLAB_BUILD = 0x1
                0x00600000                __rom_end = (ORIGIN (rom) + LENGTH (rom))
                0x20460000                __ram_end = (ORIGIN (ram) + LENGTH (ram))

.vectors        0x00400000      0x168
                0x00400000                . = ALIGN (0x4)
                0x00400000                _sfixed = .
 *(.vectors .vectors.* .vectors_default .vectors_default.*)
 .vectors.exception_table
                0x00400000      0x168 build/UDPServer/production/_ext/1719611761/interrupts.o
                0x00400000                exception_table
 *(.isr_vector)
 *(.reset*)
 *(.after_vectors)

.text           0x00400168       0x20
                0x00400168                . = ALIGN (0x4)
 *(.glue_7t)
 .glue_7t       0x00400168        0x0 linker stubs
 *(.glue_7)
 .glue_7        0x00400168        0x0 linker stubs
 *(.gnu.linkonce.r.*)
 *(.ARM.extab* .gnu.linkonce.armextab.*)
                0x00400168                . = ALIGN (0x4)
 *(.init)
 .init          0x00400168        0x4 c:/program files/microchip/xc32/v4.00/bin/bin/../../lib/gcc/pic32c/8.3.1/thumb/v7e-m+dp/hard/crti.o
                0x00400168                _init
 .init          0x0040016c        0x8 c:/program files/microchip/xc32/v4.00/bin/bin/../../lib/gcc/pic32c/8.3.1/thumb/v7e-m+dp/hard/crtn.o
                0x00400174                . = ALIGN (0x4)
                0x00400174                __preinit_array_start = .
 *(.preinit_array)
                0x00400174                __preinit_array_end = .
                0x00400174                . = ALIGN (0x4)
                0x00400174                __init_array_start = .
 *(SORT_BY_NAME(.init_array.*))
 *(.init_array)
 .init_array    0x00400174        0x4 c:/program files/microchip/xc32/v4.00/bin/bin/../../lib/gcc/pic32c/8.3.1/thumb/v7e-m+dp/hard/crtbegin.o
                0x00400178                __init_array_end = .
                0x00400178                . = ALIGN (0x4)
 *crtbegin.o(.ctors)
 *(EXCLUDE_FILE(*crtend.o) .ctors)
 *(SORT_BY_NAME(.ctors.*))
 *crtend.o(.ctors)
                0x00400178                . = ALIGN (0x4)
 *(.fini)
 .fini          0x00400178        0x4 c:/program files/microchip/xc32/v4.00/bin/bin/../../lib/gcc/pic32c/8.3.1/thumb/v7e-m+dp/hard/crti.o
                0x00400178                _fini
 .fini          0x0040017c        0x8 c:/program files/microchip/xc32/v4.00/bin/bin/../../lib/gcc/pic32c/8.3.1/thumb/v7e-m+dp/hard/crtn.o
                0x00400184                . = ALIGN (0x4)
                0x00400184                __fini_array_start = .
 *(.fini_array)
 .fini_array    0x00400184        0x4 c:/program files/microchip/xc32/v4.00/bin/bin/../../lib/gcc/pic32c/8.3.1/thumb/v7e-m+dp/hard/crtbegin.o
 *(SORT_BY_NAME(.fini_array.*))
                0x00400188                __fini_array_end = .
 *crtbegin.o(.dtors)
 *(EXCLUDE_FILE(*crtend.o) .dtors)
 *(SORT_BY_NAME(.dtors.*))
 *crtend.o(.dtors)
                0x00400188                . = ALIGN (0x4)
                0x00400188                _efixed = .
                [!provide]                PROVIDE (__exidx_start = .)

.ARM.exidx      0x00400188        0x8
 *(.ARM.exidx* .gnu.linkonce.armexidx.*)
 .ARM.exidx     0x00400188        0x8 c:/program files/microchip/xc32/v4.00/bin/bin/../../lib/gcc/pic32c/8.3.1/thumb/v7e-m+dp/hard\libgcc.a(_udivmoddi4.o)
                [!provide]                PROVIDE (__exidx_end = .)
                0x00400190                . = ALIGN (0x4)
                0x00400190                _etext = .

.bss            0x20400000        0x0
                0x20400000                . = ALIGN (0x4)
                0x20400000                __bss_start__ = .
                0x20400000                _sbss = .
                0x20400000                _szero = .
 *(COMMON)
                0x20400000                . = ALIGN (0x4)
                0x20400000                __bss_end__ = .
                0x20400000                _ebss = .
                0x20400000                _ezero = .
                0x20400000                . = ALIGN (0x4)
                0x20400000                _end = .
                0x2045ffff                _ram_end_ = ((ORIGIN (ram) + LENGTH (ram)) - 0x1)
                0x0000afa0                _min_heap_size = 0xafa0
START GROUP
LOAD c:/program files/microchip/xc32/v4.00/bin/bin/../../lib/gcc/pic32c/8.3.1/../../../../pic32c/lib/thumb/v7e-m+dp/hard\libpic32c.a
LOAD c:/program files/microchip/xc32/v4.00/bin/bin/../../lib/gcc/pic32c/8.3.1/../../../../pic32c/lib/thumb/v7e-m+dp/hard\libm-emfloat.a
LOAD c:/program files/microchip/xc32/v4.00/bin/bin/../../lib/gcc/pic32c/8.3.1/../../../../pic32c/lib/thumb/v7e-m+dp/hard\libc-musl.a
LOAD c:/program files/microchip/xc32/v4.00/bin/bin/../../lib/gcc/pic32c/8.3.1/../../../../pic32c/lib/thumb/v7e-m+dp/hard\libm-emfloat.a
LOAD c:/program files/microchip/xc32/v4.00/bin/bin/../../lib/gcc/pic32c/8.3.1/thumb/v7e-m+dp/hard\libgcc.a
END GROUP
LOAD c:/program files/microchip/xc32/v4.00/bin/bin/../../lib/gcc/pic32c/8.3.1/thumb/v7e-m+dp/hard/crtend.o
LOAD c:/program files/microchip/xc32/v4.00/bin/bin/../../lib/gcc/pic32c/8.3.1/thumb/v7e-m+dp/hard/crtn.o
OUTPUT(dist/UDPServer/production/UDPServer.X.production.elf elf32-littlearm)
LOAD stack
LOAD data_init

.ARM.attributes
                0x00000000       0x32
 .ARM.attributes
                0x00000000       0x1e c:/program files/microchip/xc32/v4.00/bin/bin/../../lib/gcc/pic32c/8.3.1/thumb/v7e-m+dp/hard/crti.o
 .ARM.attributes
                0x0000001e       0x32 c:/program files/microchip/xc32/v4.00/bin/bin/../../lib/gcc/pic32c/8.3.1/thumb/v7e-m+dp/hard/crtbegin.o
 .ARM.attributes
                0x00000050       0x32 build/UDPServer/production/_ext/305229558/drv_ethphy.o
 .ARM.attributes
                0x00000082       0x32 build/UDPServer/production/_ext/305229558/drv_extphy_ksz8061.o
 .ARM.attributes
                0x000000b4       0x32 build/UDPServer/production/_ext/1765021834/drv_gmac.o
 .ARM.attributes
                0x000000e6       0x32 build/UDPServer/production/_ext/1765021834/drv_gmac_lib_samE7x_V7x.o
 .ARM.attributes
                0x00000118       0x32 build/UDPServer/production/_ext/657064018/drv_miim.o
 .ARM.attributes
                0x0000014a       0x32 build/UDPServer/production/_ext/1488525653/helpers.o
 .ARM.attributes
                0x0000017c       0x32 build/UDPServer/production/_ext/1488525653/icmp.o
 .ARM.attributes
                0x000001ae       0x32 build/UDPServer/production/_ext/1488525653/arp.o
 .ARM.attributes
                0x000001e0       0x32 build/UDPServer/production/_ext/1488525653/tcpip_commands.o
 .ARM.attributes
                0x00000212       0x32 build/UDPServer/production/_ext/1488525653/ipv4.o
 .ARM.attributes
                0x00000244       0x32 build/UDPServer/production/_ext/1488525653/tcpip_heap_alloc.o
 .ARM.attributes
                0x00000276       0x32 build/UDPServer/production/_ext/1488525653/tcpip_heap_internal.o
 .ARM.attributes
                0x000002a8       0x32 build/UDPServer/production/_ext/1488525653/dhcp.o
 .ARM.attributes
                0x000002da       0x32 build/UDPServer/production/_ext/1488525653/dns.o
 .ARM.attributes
                0x0000030c       0x32 build/UDPServer/production/_ext/1488525653/hash_fnv.o
 .ARM.attributes
                0x0000033e       0x32 build/UDPServer/production/_ext/1488525653/oahash.o
 .ARM.attributes
                0x00000370       0x32 build/UDPServer/production/_ext/1488525653/tcpip_helpers.o
 .ARM.attributes
                0x000003a2       0x32 build/UDPServer/production/_ext/1488525653/tcpip_manager.o
 .ARM.attributes
                0x000003d4       0x32 build/UDPServer/production/_ext/1488525653/tcpip_notify.o
 .ARM.attributes
                0x00000406       0x32 build/UDPServer/production/_ext/1488525653/tcpip_packet.o
 .ARM.attributes
                0x00000438       0x32 build/UDPServer/production/_ext/1488525653/udp.o
 .ARM.attributes
                0x0000046a       0x32 build/UDPServer/production/_ext/1555995027/plib_clk.o
 .ARM.attributes
                0x0000049c       0x32 build/UDPServer/production/_ext/1555993299/plib_efc.o
 .ARM.attributes
                0x000004ce       0x32 build/UDPServer/production/_ext/1555985283/plib_mpu.o
 .ARM.attributes
                0x00000500       0x32 build/UDPServer/production/_ext/990868233/plib_nvic.o
 .ARM.attributes
                0x00000532       0x32 build/UDPServer/production/_ext/1555982623/plib_pio.o
 .ARM.attributes
                0x00000564       0x32 build/UDPServer/production/_ext/1473827780/plib_tc0.o
 .ARM.attributes
                0x00000596       0x32 build/UDPServer/production/_ext/645775984/plib_usart1.o
 .ARM.attributes
                0x000005c8       0x32 build/UDPServer/production/_ext/1684283038/sys_command.o
 .ARM.attributes
                0x000005fa       0x32 build/UDPServer/production/_ext/1227570858/sys_console_uart.o
 .ARM.attributes
                0x0000062c       0x32 build/UDPServer/production/_ext/1227570858/sys_console.o
 .ARM.attributes
                0x0000065e       0x32 build/UDPServer/production/_ext/1702209242/sys_debug.o
 .ARM.attributes
                0x00000690       0x32 build/UDPServer/production/_ext/265507906/sys_int.o
 .ARM.attributes
                0x000006c2       0x32 build/UDPServer/production/_ext/371567283/sys_reset.o
 .ARM.attributes
                0x000006f4       0x32 build/UDPServer/production/_ext/1336745700/sys_time.o
 .ARM.attributes
                0x00000726       0x32 build/UDPServer/production/_ext/1845636979/sys_time_h2_adapter.o
 .ARM.attributes
                0x00000758       0x32 build/UDPServer/production/_ext/1719611761/tasks.o
 .ARM.attributes
                0x0000078a       0x32 build/UDPServer/production/_ext/1719611761/initialization.o
 .ARM.attributes
                0x000007bc       0x32 build/UDPServer/production/_ext/1719611761/interrupts.o
 .ARM.attributes
                0x000007ee       0x32 build/UDPServer/production/_ext/1719611761/exceptions.o
 .ARM.attributes
                0x00000820       0x32 build/UDPServer/production/_ext/1719611761/startup_xc32.o
 .ARM.attributes
                0x00000852       0x32 build/UDPServer/production/_ext/1360937237/app.o
 .ARM.attributes
                0x00000884       0x32 build/UDPServer/production/_ext/1360937237/main.o
 .ARM.attributes
                0x000008b6       0x32 build/UDPServer/production/_ext/1488525653/tcpip_announce.o
 .ARM.attributes
                0x000008e8       0x32 c:/program files/microchip/xc32/v4.00/bin/bin/../../lib/gcc/pic32c/8.3.1/../../../../pic32c/lib/thumb/v7e-m+dp/hard\libpic32c.a(data_init.o)
 .ARM.attributes
                0x0000091a       0x34 c:/program files/microchip/xc32/v4.00/bin/bin/../../lib/gcc/pic32c/8.3.1/../../../../pic32c/lib/thumb/v7e-m+dp/hard\libc-musl.a(isalnum.o)
 .ARM.attributes
                0x0000094e       0x34 c:/program files/microchip/xc32/v4.00/bin/bin/../../lib/gcc/pic32c/8.3.1/../../../../pic32c/lib/thumb/v7e-m+dp/hard\libc-musl.a(isxdigit.o)
 .ARM.attributes
                0x00000982       0x34 c:/program files/microchip/xc32/v4.00/bin/bin/../../lib/gcc/pic32c/8.3.1/../../../../pic32c/lib/thumb/v7e-m+dp/hard\libc-musl.a(tolower.o)
 .ARM.attributes
                0x000009b6       0x34 c:/program files/microchip/xc32/v4.00/bin/bin/../../lib/gcc/pic32c/8.3.1/../../../../pic32c/lib/thumb/v7e-m+dp/hard\libc-musl.a(toupper.o)
 .ARM.attributes
                0x000009ea       0x34 c:/program files/microchip/xc32/v4.00/bin/bin/../../lib/gcc/pic32c/8.3.1/../../../../pic32c/lib/thumb/v7e-m+dp/hard\libc-musl.a(__libc_start_main.o)
 .ARM.attributes
                0x00000a1e       0x32 c:/program files/microchip/xc32/v4.00/bin/bin/../../lib/gcc/pic32c/8.3.1/../../../../pic32c/lib/thumb/v7e-m+dp/hard\libc-musl.a(libc.o)
 .ARM.attributes
                0x00000a50       0x34 c:/program files/microchip/xc32/v4.00/bin/bin/../../lib/gcc/pic32c/8.3.1/../../../../pic32c/lib/thumb/v7e-m+dp/hard\libc-musl.a(calloc.o)
 .ARM.attributes
                0x00000a84       0x34 c:/program files/microchip/xc32/v4.00/bin/bin/../../lib/gcc/pic32c/8.3.1/../../../../pic32c/lib/thumb/v7e-m+dp/hard\libc-musl.a(malloc.o)
 .ARM.attributes
                0x00000ab8       0x34 c:/program files/microchip/xc32/v4.00/bin/bin/../../lib/gcc/pic32c/8.3.1/../../../../pic32c/lib/thumb/v7e-m+dp/hard\libc-musl.a(expand_heap.o)
 .ARM.attributes
                0x00000aec       0x34 c:/program files/microchip/xc32/v4.00/bin/bin/../../lib/gcc/pic32c/8.3.1/../../../../pic32c/lib/thumb/v7e-m+dp/hard\libc-musl.a(rand.o)
 .ARM.attributes
                0x00000b20       0x34 c:/program files/microchip/xc32/v4.00/bin/bin/../../lib/gcc/pic32c/8.3.1/../../../../pic32c/lib/thumb/v7e-m+dp/hard\libc-musl.a(vsnprintf.o)
 .ARM.attributes
                0x00000b54       0x34 c:/program files/microchip/xc32/v4.00/bin/bin/../../lib/gcc/pic32c/8.3.1/../../../../pic32c/lib/thumb/v7e-m+dp/hard\libc-musl.a(snprintf.o)
 .ARM.attributes
                0x00000b88       0x34 c:/program files/microchip/xc32/v4.00/bin/bin/../../lib/gcc/pic32c/8.3.1/../../../../pic32c/lib/thumb/v7e-m+dp/hard\libc-musl.a(sprintf.o)
 .ARM.attributes
                0x00000bbc       0x34 c:/program files/microchip/xc32/v4.00/bin/bin/../../lib/gcc/pic32c/8.3.1/../../../../pic32c/lib/thumb/v7e-m+dp/hard\libc-musl.a(vsprintf.o)
 .ARM.attributes
                0x00000bf0       0x34 c:/program files/microchip/xc32/v4.00/bin/bin/../../lib/gcc/pic32c/8.3.1/../../../../pic32c/lib/thumb/v7e-m+dp/hard\libc-musl.a(atoi.o)
 .ARM.attributes
                0x00000c24       0x34 c:/program files/microchip/xc32/v4.00/bin/bin/../../lib/gcc/pic32c/8.3.1/../../../../pic32c/lib/thumb/v7e-m+dp/hard\libc-musl.a(strtol.o)
 .ARM.attributes
                0x00000c58       0x34 c:/program files/microchip/xc32/v4.00/bin/bin/../../lib/gcc/pic32c/8.3.1/../../../../pic32c/lib/thumb/v7e-m+dp/hard\libc-musl.a(memcmp.o)
 .ARM.attributes
                0x00000c8c       0x34 c:/program files/microchip/xc32/v4.00/bin/bin/../../lib/gcc/pic32c/8.3.1/../../../../pic32c/lib/thumb/v7e-m+dp/hard\libc-musl.a(memcpy.o)
 .ARM.attributes
                0x00000cc0       0x34 c:/program files/microchip/xc32/v4.00/bin/bin/../../lib/gcc/pic32c/8.3.1/../../../../pic32c/lib/thumb/v7e-m+dp/hard\libc-musl.a(memset.o)
 .ARM.attributes
                0x00000cf4       0x34 c:/program files/microchip/xc32/v4.00/bin/bin/../../lib/gcc/pic32c/8.3.1/../../../../pic32c/lib/thumb/v7e-m+dp/hard\libc-musl.a(strlen.o)
 .ARM.attributes
                0x00000d28       0x34 c:/program files/microchip/xc32/v4.00/bin/bin/../../lib/gcc/pic32c/8.3.1/../../../../pic32c/lib/thumb/v7e-m+dp/hard\libc-musl.a(strchr.o)
 .ARM.attributes
                0x00000d5c       0x34 c:/program files/microchip/xc32/v4.00/bin/bin/../../lib/gcc/pic32c/8.3.1/../../../../pic32c/lib/thumb/v7e-m+dp/hard\libc-musl.a(strchrnul.o)
 .ARM.attributes
                0x00000d90       0x34 c:/program files/microchip/xc32/v4.00/bin/bin/../../lib/gcc/pic32c/8.3.1/../../../../pic32c/lib/thumb/v7e-m+dp/hard\libc-musl.a(strcmp.o)
 .ARM.attributes
                0x00000dc4       0x34 c:/program files/microchip/xc32/v4.00/bin/bin/../../lib/gcc/pic32c/8.3.1/../../../../pic32c/lib/thumb/v7e-m+dp/hard\libc-musl.a(strcpy.o)
 .ARM.attributes
                0x00000df8       0x34 c:/program files/microchip/xc32/v4.00/bin/bin/../../lib/gcc/pic32c/8.3.1/../../../../pic32c/lib/thumb/v7e-m+dp/hard\libc-musl.a(strncmp.o)
 .ARM.attributes
                0x00000e2c       0x34 c:/program files/microchip/xc32/v4.00/bin/bin/../../lib/gcc/pic32c/8.3.1/../../../../pic32c/lib/thumb/v7e-m+dp/hard\libc-musl.a(strncpy.o)
 .ARM.attributes
                0x00000e60       0x34 c:/program files/microchip/xc32/v4.00/bin/bin/../../lib/gcc/pic32c/8.3.1/../../../../pic32c/lib/thumb/v7e-m+dp/hard\libc-musl.a(strtok.o)
 .ARM.attributes
                0x00000e94       0x32 c:/program files/microchip/xc32/v4.00/bin/bin/../../lib/gcc/pic32c/8.3.1/../../../../pic32c/lib/thumb/v7e-m+dp/hard\libc-musl.a(__environ.o)
 .ARM.attributes
                0x00000ec6       0x32 c:/program files/microchip/xc32/v4.00/bin/bin/../../lib/gcc/pic32c/8.3.1/../../../../pic32c/lib/thumb/v7e-m+dp/hard\libc-musl.a(__errno_location.o)
 .ARM.attributes
                0x00000ef8       0x34 c:/program files/microchip/xc32/v4.00/bin/bin/../../lib/gcc/pic32c/8.3.1/../../../../pic32c/lib/thumb/v7e-m+dp/hard\libc-musl.a(intscan.o)
 .ARM.attributes
                0x00000f2c       0x34 c:/program files/microchip/xc32/v4.00/bin/bin/../../lib/gcc/pic32c/8.3.1/../../../../pic32c/lib/thumb/v7e-m+dp/hard\libc-musl.a(shgetc.o)
 .ARM.attributes
                0x00000f60       0x34 c:/program files/microchip/xc32/v4.00/bin/bin/../../lib/gcc/pic32c/8.3.1/../../../../pic32c/lib/thumb/v7e-m+dp/hard\libc-musl.a(__uflow.o)
 .ARM.attributes
                0x00000f94       0x34 c:/program files/microchip/xc32/v4.00/bin/bin/../../lib/gcc/pic32c/8.3.1/../../../../pic32c/lib/thumb/v7e-m+dp/hard\libc-musl.a(vfprintf.o)
 .ARM.attributes
                0x00000fc8       0x34 c:/program files/microchip/xc32/v4.00/bin/bin/../../lib/gcc/pic32c/8.3.1/../../../../pic32c/lib/thumb/v7e-m+dp/hard\libc-musl.a(stpcpy.o)
 .ARM.attributes
                0x00000ffc       0x34 c:/program files/microchip/xc32/v4.00/bin/bin/../../lib/gcc/pic32c/8.3.1/../../../../pic32c/lib/thumb/v7e-m+dp/hard\libc-musl.a(stpncpy.o)
 .ARM.attributes
                0x00001030       0x34 c:/program files/microchip/xc32/v4.00/bin/bin/../../lib/gcc/pic32c/8.3.1/../../../../pic32c/lib/thumb/v7e-m+dp/hard\libc-musl.a(strcspn.o)
 .ARM.attributes
                0x00001064       0x34 c:/program files/microchip/xc32/v4.00/bin/bin/../../lib/gcc/pic32c/8.3.1/../../../../pic32c/lib/thumb/v7e-m+dp/hard\libc-musl.a(strspn.o)
 .ARM.attributes
                0x00001098       0x34 c:/program files/microchip/xc32/v4.00/bin/bin/../../lib/gcc/pic32c/8.3.1/../../../../pic32c/lib/thumb/v7e-m+dp/hard\libc-musl.a(__toread.o)
 .ARM.attributes
                0x000010cc       0x34 c:/program files/microchip/xc32/v4.00/bin/bin/../../lib/gcc/pic32c/8.3.1/../../../../pic32c/lib/thumb/v7e-m+dp/hard\libc-musl.a(__printf_core.o)
 .ARM.attributes
                0x00001100       0x34 c:/program files/microchip/xc32/v4.00/bin/bin/../../lib/gcc/pic32c/8.3.1/../../../../pic32c/lib/thumb/v7e-m+dp/hard\libc-musl.a(__fmt_a.o)
 .ARM.attributes
                0x00001134       0x34 c:/program files/microchip/xc32/v4.00/bin/bin/../../lib/gcc/pic32c/8.3.1/../../../../pic32c/lib/thumb/v7e-m+dp/hard\libc-musl.a(__fmt_d.o)
 .ARM.attributes
                0x00001168       0x34 c:/program files/microchip/xc32/v4.00/bin/bin/../../lib/gcc/pic32c/8.3.1/../../../../pic32c/lib/thumb/v7e-m+dp/hard\libc-musl.a(__fmt_fp.o)
 .ARM.attributes
                0x0000119c       0x34 c:/program files/microchip/xc32/v4.00/bin/bin/../../lib/gcc/pic32c/8.3.1/../../../../pic32c/lib/thumb/v7e-m+dp/hard\libc-musl.a(__fmt_o.o)
 .ARM.attributes
                0x000011d0       0x34 c:/program files/microchip/xc32/v4.00/bin/bin/../../lib/gcc/pic32c/8.3.1/../../../../pic32c/lib/thumb/v7e-m+dp/hard\libc-musl.a(__fmt_s.o)
 .ARM.attributes
                0x00001204       0x34 c:/program files/microchip/xc32/v4.00/bin/bin/../../lib/gcc/pic32c/8.3.1/../../../../pic32c/lib/thumb/v7e-m+dp/hard\libc-musl.a(__fmt_u.o)
 .ARM.attributes
                0x00001238       0x34 c:/program files/microchip/xc32/v4.00/bin/bin/../../lib/gcc/pic32c/8.3.1/../../../../pic32c/lib/thumb/v7e-m+dp/hard\libc-musl.a(__fmt_x.o)
 .ARM.attributes
                0x0000126c       0x34 c:/program files/microchip/xc32/v4.00/bin/bin/../../lib/gcc/pic32c/8.3.1/../../../../pic32c/lib/thumb/v7e-m+dp/hard\libc-musl.a(__pop_float.o)
 .ARM.attributes
                0x000012a0       0x34 c:/program files/microchip/xc32/v4.00/bin/bin/../../lib/gcc/pic32c/8.3.1/../../../../pic32c/lib/thumb/v7e-m+dp/hard\libc-musl.a(__pop_int.o)
 .ARM.attributes
                0x000012d4       0x34 c:/program files/microchip/xc32/v4.00/bin/bin/../../lib/gcc/pic32c/8.3.1/../../../../pic32c/lib/thumb/v7e-m+dp/hard\libc-musl.a(__pop_ptr.o)
 .ARM.attributes
                0x00001308       0x32 c:/program files/microchip/xc32/v4.00/bin/bin/../../lib/gcc/pic32c/8.3.1/../../../../pic32c/lib/thumb/v7e-m+dp/hard\libm-emfloat.a(lib_a-_FLOOR.o)
 .ARM.attributes
                0x0000133a       0x1e c:/program files/microchip/xc32/v4.00/bin/bin/../../lib/gcc/pic32c/8.3.1/thumb/v7e-m+dp/hard\libgcc.a(_aeabi_uldivmod.o)
 .ARM.attributes
                0x00001358       0x32 c:/program files/microchip/xc32/v4.00/bin/bin/../../lib/gcc/pic32c/8.3.1/thumb/v7e-m+dp/hard\libgcc.a(_udivmoddi4.o)
 .ARM.attributes
                0x0000138a       0x1e c:/program files/microchip/xc32/v4.00/bin/bin/../../lib/gcc/pic32c/8.3.1/thumb/v7e-m+dp/hard\libgcc.a(_dvmd_tls.o)
 .ARM.attributes
                0x000013a8       0x32 c:/program files/microchip/xc32/v4.00/bin/bin/../../lib/gcc/pic32c/8.3.1/../../../../pic32c/lib/thumb/v7e-m+dp/hard\libpic32c.a(sbrk.o)
 .ARM.attributes
                0x000013da       0x1e c:/program files/microchip/xc32/v4.00/bin/bin/../../lib/gcc/pic32c/8.3.1/thumb/v7e-m+dp/hard/crtn.o

.comment        0x00000000       0x53
 .comment       0x00000000       0x53 c:/program files/microchip/xc32/v4.00/bin/bin/../../lib/gcc/pic32c/8.3.1/thumb/v7e-m+dp/hard/crtbegin.o
                                 0x54 (size before relaxing)
 .comment       0x00000053       0x54 build/UDPServer/production/_ext/305229558/drv_ethphy.o
 .comment       0x00000053       0x54 build/UDPServer/production/_ext/305229558/drv_extphy_ksz8061.o
 .comment       0x00000053       0x54 build/UDPServer/production/_ext/1765021834/drv_gmac.o
 .comment       0x00000053       0x54 build/UDPServer/production/_ext/1765021834/drv_gmac_lib_samE7x_V7x.o
 .comment       0x00000053       0x54 build/UDPServer/production/_ext/657064018/drv_miim.o
 .comment       0x00000053       0x54 build/UDPServer/production/_ext/1488525653/helpers.o
 .comment       0x00000053       0x54 build/UDPServer/production/_ext/1488525653/icmp.o
 .comment       0x00000053       0x54 build/UDPServer/production/_ext/1488525653/arp.o
 .comment       0x00000053       0x54 build/UDPServer/production/_ext/1488525653/tcpip_commands.o
 .comment       0x00000053       0x54 build/UDPServer/production/_ext/1488525653/ipv4.o
 .comment       0x00000053       0x54 build/UDPServer/production/_ext/1488525653/tcpip_heap_alloc.o
 .comment       0x00000053       0x54 build/UDPServer/production/_ext/1488525653/tcpip_heap_internal.o
 .comment       0x00000053       0x54 build/UDPServer/production/_ext/1488525653/dhcp.o
 .comment       0x00000053       0x54 build/UDPServer/production/_ext/1488525653/dns.o
 .comment       0x00000053       0x54 build/UDPServer/production/_ext/1488525653/hash_fnv.o
 .comment       0x00000053       0x54 build/UDPServer/production/_ext/1488525653/oahash.o
 .comment       0x00000053       0x54 build/UDPServer/production/_ext/1488525653/tcpip_helpers.o
 .comment       0x00000053       0x54 build/UDPServer/production/_ext/1488525653/tcpip_manager.o
 .comment       0x00000053       0x54 build/UDPServer/production/_ext/1488525653/tcpip_notify.o
 .comment       0x00000053       0x54 build/UDPServer/production/_ext/1488525653/tcpip_packet.o
 .comment       0x00000053       0x54 build/UDPServer/production/_ext/1488525653/udp.o
 .comment       0x00000053       0x54 build/UDPServer/production/_ext/1555995027/plib_clk.o
 .comment       0x00000053       0x54 build/UDPServer/production/_ext/1555993299/plib_efc.o
 .comment       0x00000053       0x54 build/UDPServer/production/_ext/1555985283/plib_mpu.o
 .comment       0x00000053       0x54 build/UDPServer/production/_ext/990868233/plib_nvic.o
 .comment       0x00000053       0x54 build/UDPServer/production/_ext/1555982623/plib_pio.o
 .comment       0x00000053       0x54 build/UDPServer/production/_ext/1473827780/plib_tc0.o
 .comment       0x00000053       0x54 build/UDPServer/production/_ext/645775984/plib_usart1.o
 .comment       0x00000053       0x54 build/UDPServer/production/_ext/1684283038/sys_command.o
 .comment       0x00000053       0x54 build/UDPServer/production/_ext/1227570858/sys_console_uart.o
 .comment       0x00000053       0x54 build/UDPServer/production/_ext/1227570858/sys_console.o
 .comment       0x00000053       0x54 build/UDPServer/production/_ext/1702209242/sys_debug.o
 .comment       0x00000053       0x54 build/UDPServer/production/_ext/265507906/sys_int.o
 .comment       0x00000053       0x54 build/UDPServer/production/_ext/371567283/sys_reset.o
 .comment       0x00000053       0x54 build/UDPServer/production/_ext/1336745700/sys_time.o
 .comment       0x00000053       0x54 build/UDPServer/production/_ext/1845636979/sys_time_h2_adapter.o
 .comment       0x00000053       0x54 build/UDPServer/production/_ext/1719611761/tasks.o
 .comment       0x00000053       0x54 build/UDPServer/production/_ext/1719611761/initialization.o
 .comment       0x00000053       0x54 build/UDPServer/production/_ext/1719611761/interrupts.o
 .comment       0x00000053       0x54 build/UDPServer/production/_ext/1719611761/exceptions.o
 .comment       0x00000053       0x54 build/UDPServer/production/_ext/1719611761/startup_xc32.o
 .comment       0x00000053       0x54 build/UDPServer/production/_ext/1360937237/app.o
 .comment       0x00000053       0x54 build/UDPServer/production/_ext/1360937237/main.o
 .comment       0x00000053       0x54 build/UDPServer/production/_ext/1488525653/tcpip_announce.o
 .comment       0x00000053       0x54 c:/program files/microchip/xc32/v4.00/bin/bin/../../lib/gcc/pic32c/8.3.1/../../../../pic32c/lib/thumb/v7e-m+dp/hard\libpic32c.a(data_init.o)
 .comment       0x00000053       0x54 c:/program files/microchip/xc32/v4.00/bin/bin/../../lib/gcc/pic32c/8.3.1/../../../../pic32c/lib/thumb/v7e-m+dp/hard\libc-musl.a(isalnum.o)
 .comment       0x00000053       0x54 c:/program files/microchip/xc32/v4.00/bin/bin/../../lib/gcc/pic32c/8.3.1/../../../../pic32c/lib/thumb/v7e-m+dp/hard\libc-musl.a(isxdigit.o)
 .comment       0x00000053       0x54 c:/program files/microchip/xc32/v4.00/bin/bin/../../lib/gcc/pic32c/8.3.1/../../../../pic32c/lib/thumb/v7e-m+dp/hard\libc-musl.a(tolower.o)
 .comment       0x00000053       0x54 c:/program files/microchip/xc32/v4.00/bin/bin/../../lib/gcc/pic32c/8.3.1/../../../../pic32c/lib/thumb/v7e-m+dp/hard\libc-musl.a(toupper.o)
 .comment       0x00000053       0x54 c:/program files/microchip/xc32/v4.00/bin/bin/../../lib/gcc/pic32c/8.3.1/../../../../pic32c/lib/thumb/v7e-m+dp/hard\libc-musl.a(__libc_start_main.o)
 .comment       0x00000053       0x54 c:/program files/microchip/xc32/v4.00/bin/bin/../../lib/gcc/pic32c/8.3.1/../../../../pic32c/lib/thumb/v7e-m+dp/hard\libc-musl.a(libc.o)
 .comment       0x00000053       0x54 c:/program files/microchip/xc32/v4.00/bin/bin/../../lib/gcc/pic32c/8.3.1/../../../../pic32c/lib/thumb/v7e-m+dp/hard\libc-musl.a(calloc.o)
 .comment       0x00000053       0x54 c:/program files/microchip/xc32/v4.00/bin/bin/../../lib/gcc/pic32c/8.3.1/../../../../pic32c/lib/thumb/v7e-m+dp/hard\libc-musl.a(malloc.o)
 .comment       0x00000053       0x54 c:/program files/microchip/xc32/v4.00/bin/bin/../../lib/gcc/pic32c/8.3.1/../../../../pic32c/lib/thumb/v7e-m+dp/hard\libc-musl.a(expand_heap.o)
 .comment       0x00000053       0x54 c:/program files/microchip/xc32/v4.00/bin/bin/../../lib/gcc/pic32c/8.3.1/../../../../pic32c/lib/thumb/v7e-m+dp/hard\libc-musl.a(rand.o)
 .comment       0x00000053       0x54 c:/program files/microchip/xc32/v4.00/bin/bin/../../lib/gcc/pic32c/8.3.1/../../../../pic32c/lib/thumb/v7e-m+dp/hard\libc-musl.a(vsnprintf.o)
 .comment       0x00000053       0x54 c:/program files/microchip/xc32/v4.00/bin/bin/../../lib/gcc/pic32c/8.3.1/../../../../pic32c/lib/thumb/v7e-m+dp/hard\libc-musl.a(snprintf.o)
 .comment       0x00000053       0x54 c:/program files/microchip/xc32/v4.00/bin/bin/../../lib/gcc/pic32c/8.3.1/../../../../pic32c/lib/thumb/v7e-m+dp/hard\libc-musl.a(sprintf.o)
 .comment       0x00000053       0x54 c:/program files/microchip/xc32/v4.00/bin/bin/../../lib/gcc/pic32c/8.3.1/../../../../pic32c/lib/thumb/v7e-m+dp/hard\libc-musl.a(vsprintf.o)
 .comment       0x00000053       0x54 c:/program files/microchip/xc32/v4.00/bin/bin/../../lib/gcc/pic32c/8.3.1/../../../../pic32c/lib/thumb/v7e-m+dp/hard\libc-musl.a(atoi.o)
 .comment       0x00000053       0x54 c:/program files/microchip/xc32/v4.00/bin/bin/../../lib/gcc/pic32c/8.3.1/../../../../pic32c/lib/thumb/v7e-m+dp/hard\libc-musl.a(strtol.o)
 .comment       0x00000053       0x54 c:/program files/microchip/xc32/v4.00/bin/bin/../../lib/gcc/pic32c/8.3.1/../../../../pic32c/lib/thumb/v7e-m+dp/hard\libc-musl.a(memcmp.o)
 .comment       0x00000053       0x54 c:/program files/microchip/xc32/v4.00/bin/bin/../../lib/gcc/pic32c/8.3.1/../../../../pic32c/lib/thumb/v7e-m+dp/hard\libc-musl.a(memcpy.o)
 .comment       0x00000053       0x54 c:/program files/microchip/xc32/v4.00/bin/bin/../../lib/gcc/pic32c/8.3.1/../../../../pic32c/lib/thumb/v7e-m+dp/hard\libc-musl.a(memset.o)
 .comment       0x00000053       0x54 c:/program files/microchip/xc32/v4.00/bin/bin/../../lib/gcc/pic32c/8.3.1/../../../../pic32c/lib/thumb/v7e-m+dp/hard\libc-musl.a(strlen.o)
 .comment       0x00000053       0x54 c:/program files/microchip/xc32/v4.00/bin/bin/../../lib/gcc/pic32c/8.3.1/../../../../pic32c/lib/thumb/v7e-m+dp/hard\libc-musl.a(strchr.o)
 .comment       0x00000053       0x54 c:/program files/microchip/xc32/v4.00/bin/bin/../../lib/gcc/pic32c/8.3.1/../../../../pic32c/lib/thumb/v7e-m+dp/hard\libc-musl.a(strchrnul.o)
 .comment       0x00000053       0x54 c:/program files/microchip/xc32/v4.00/bin/bin/../../lib/gcc/pic32c/8.3.1/../../../../pic32c/lib/thumb/v7e-m+dp/hard\libc-musl.a(strcmp.o)
 .comment       0x00000053       0x54 c:/program files/microchip/xc32/v4.00/bin/bin/../../lib/gcc/pic32c/8.3.1/../../../../pic32c/lib/thumb/v7e-m+dp/hard\libc-musl.a(strcpy.o)
 .comment       0x00000053       0x54 c:/program files/microchip/xc32/v4.00/bin/bin/../../lib/gcc/pic32c/8.3.1/../../../../pic32c/lib/thumb/v7e-m+dp/hard\libc-musl.a(strncmp.o)
 .comment       0x00000053       0x54 c:/program files/microchip/xc32/v4.00/bin/bin/../../lib/gcc/pic32c/8.3.1/../../../../pic32c/lib/thumb/v7e-m+dp/hard\libc-musl.a(strncpy.o)
 .comment       0x00000053       0x54 c:/program files/microchip/xc32/v4.00/bin/bin/../../lib/gcc/pic32c/8.3.1/../../../../pic32c/lib/thumb/v7e-m+dp/hard\libc-musl.a(strtok.o)
 .comment       0x00000053       0x54 c:/program files/microchip/xc32/v4.00/bin/bin/../../lib/gcc/pic32c/8.3.1/../../../../pic32c/lib/thumb/v7e-m+dp/hard\libc-musl.a(__environ.o)
 .comment       0x00000053       0x54 c:/program files/microchip/xc32/v4.00/bin/bin/../../lib/gcc/pic32c/8.3.1/../../../../pic32c/lib/thumb/v7e-m+dp/hard\libc-musl.a(__errno_location.o)
 .comment       0x00000053       0x54 c:/program files/microchip/xc32/v4.00/bin/bin/../../lib/gcc/pic32c/8.3.1/../../../../pic32c/lib/thumb/v7e-m+dp/hard\libc-musl.a(intscan.o)
 .comment       0x00000053       0x54 c:/program files/microchip/xc32/v4.00/bin/bin/../../lib/gcc/pic32c/8.3.1/../../../../pic32c/lib/thumb/v7e-m+dp/hard\libc-musl.a(shgetc.o)
 .comment       0x00000053       0x54 c:/program files/microchip/xc32/v4.00/bin/bin/../../lib/gcc/pic32c/8.3.1/../../../../pic32c/lib/thumb/v7e-m+dp/hard\libc-musl.a(__uflow.o)
 .comment       0x00000053       0x54 c:/program files/microchip/xc32/v4.00/bin/bin/../../lib/gcc/pic32c/8.3.1/../../../../pic32c/lib/thumb/v7e-m+dp/hard\libc-musl.a(vfprintf.o)
 .comment       0x00000053       0x54 c:/program files/microchip/xc32/v4.00/bin/bin/../../lib/gcc/pic32c/8.3.1/../../../../pic32c/lib/thumb/v7e-m+dp/hard\libc-musl.a(stpcpy.o)
 .comment       0x00000053       0x54 c:/program files/microchip/xc32/v4.00/bin/bin/../../lib/gcc/pic32c/8.3.1/../../../../pic32c/lib/thumb/v7e-m+dp/hard\libc-musl.a(stpncpy.o)
 .comment       0x00000053       0x54 c:/program files/microchip/xc32/v4.00/bin/bin/../../lib/gcc/pic32c/8.3.1/../../../../pic32c/lib/thumb/v7e-m+dp/hard\libc-musl.a(strcspn.o)
 .comment       0x00000053       0x54 c:/program files/microchip/xc32/v4.00/bin/bin/../../lib/gcc/pic32c/8.3.1/../../../../pic32c/lib/thumb/v7e-m+dp/hard\libc-musl.a(strspn.o)
 .comment       0x00000053       0x54 c:/program files/microchip/xc32/v4.00/bin/bin/../../lib/gcc/pic32c/8.3.1/../../../../pic32c/lib/thumb/v7e-m+dp/hard\libc-musl.a(__toread.o)
 .comment       0x00000053       0x54 c:/program files/microchip/xc32/v4.00/bin/bin/../../lib/gcc/pic32c/8.3.1/../../../../pic32c/lib/thumb/v7e-m+dp/hard\libc-musl.a(__printf_core.o)
 .comment       0x00000053       0x54 c:/program files/microchip/xc32/v4.00/bin/bin/../../lib/gcc/pic32c/8.3.1/../../../../pic32c/lib/thumb/v7e-m+dp/hard\libc-musl.a(__fmt_a.o)
 .comment       0x00000053       0x54 c:/program files/microchip/xc32/v4.00/bin/bin/../../lib/gcc/pic32c/8.3.1/../../../../pic32c/lib/thumb/v7e-m+dp/hard\libc-musl.a(__fmt_d.o)
 .comment       0x00000053       0x54 c:/program files/microchip/xc32/v4.00/bin/bin/../../lib/gcc/pic32c/8.3.1/../../../../pic32c/lib/thumb/v7e-m+dp/hard\libc-musl.a(__fmt_fp.o)
 .comment       0x00000053       0x54 c:/program files/microchip/xc32/v4.00/bin/bin/../../lib/gcc/pic32c/8.3.1/../../../../pic32c/lib/thumb/v7e-m+dp/hard\libc-musl.a(__fmt_o.o)
 .comment       0x00000053       0x54 c:/program files/microchip/xc32/v4.00/bin/bin/../../lib/gcc/pic32c/8.3.1/../../../../pic32c/lib/thumb/v7e-m+dp/hard\libc-musl.a(__fmt_s.o)
 .comment       0x00000053       0x54 c:/program files/microchip/xc32/v4.00/bin/bin/../../lib/gcc/pic32c/8.3.1/../../../../pic32c/lib/thumb/v7e-m+dp/hard\libc-musl.a(__fmt_u.o)
 .comment       0x00000053       0x54 c:/program files/microchip/xc32/v4.00/bin/bin/../../lib/gcc/pic32c/8.3.1/../../../../pic32c/lib/thumb/v7e-m+dp/hard\libc-musl.a(__fmt_x.o)
 .comment       0x00000053       0x54 c:/program files/microchip/xc32/v4.00/bin/bin/../../lib/gcc/pic32c/8.3.1/../../../../pic32c/lib/thumb/v7e-m+dp/hard\libc-musl.a(__pop_float.o)
 .comment       0x00000053       0x54 c:/program files/microchip/xc32/v4.00/bin/bin/../../lib/gcc/pic32c/8.3.1/../../../../pic32c/lib/thumb/v7e-m+dp/hard\libc-musl.a(__pop_int.o)
 .comment       0x00000053       0x54 c:/program files/microchip/xc32/v4.00/bin/bin/../../lib/gcc/pic32c/8.3.1/../../../../pic32c/lib/thumb/v7e-m+dp/hard\libc-musl.a(__pop_ptr.o)
 .comment       0x00000053       0x54 c:/program files/microchip/xc32/v4.00/bin/bin/../../lib/gcc/pic32c/8.3.1/../../../../pic32c/lib/thumb/v7e-m+dp/hard\libm-emfloat.a(lib_a-_FLOOR.o)
 .comment       0x00000053       0x54 c:/program files/microchip/xc32/v4.00/bin/bin/../../lib/gcc/pic32c/8.3.1/thumb/v7e-m+dp/hard\libgcc.a(_udivmoddi4.o)
 .comment       0x00000053       0x54 c:/program files/microchip/xc32/v4.00/bin/bin/../../lib/gcc/pic32c/8.3.1/../../../../pic32c/lib/thumb/v7e-m+dp/hard\libpic32c.a(sbrk.o)

.debug_info     0x00000000    0xd15af
 .debug_info    0x00000000     0x88af build/UDPServer/production/_ext/305229558/drv_ethphy.o
 .debug_info    0x000088af     0x2367 build/UDPServer/production/_ext/305229558/drv_extphy_ksz8061.o
 .debug_info    0x0000ac16     0xa898 build/UDPServer/production/_ext/1765021834/drv_gmac.o
 .debug_info    0x000154ae     0x9a16 build/UDPServer/production/_ext/1765021834/drv_gmac_lib_samE7x_V7x.o
 .debug_info    0x0001eec4     0x57cf build/UDPServer/production/_ext/657064018/drv_miim.o
 .debug_info    0x00024693      0x716 build/UDPServer/production/_ext/1488525653/helpers.o
 .debug_info    0x00024da9     0x4120 build/UDPServer/production/_ext/1488525653/icmp.o
 .debug_info    0x00028ec9     0x77c8 build/UDPServer/production/_ext/1488525653/arp.o
 .debug_info    0x00030691     0x904b build/UDPServer/production/_ext/1488525653/tcpip_commands.o
 .debug_info    0x000396dc     0x8428 build/UDPServer/production/_ext/1488525653/ipv4.o
 .debug_info    0x00041b04     0x2f9d build/UDPServer/production/_ext/1488525653/tcpip_heap_alloc.o
 .debug_info    0x00044aa1     0x4234 build/UDPServer/production/_ext/1488525653/tcpip_heap_internal.o
 .debug_info    0x00048cd5     0xa3f2 build/UDPServer/production/_ext/1488525653/dhcp.o
 .debug_info    0x000530c7     0x86f0 build/UDPServer/production/_ext/1488525653/dns.o
 .debug_info    0x0005b7b7      0x474 build/UDPServer/production/_ext/1488525653/hash_fnv.o
 .debug_info    0x0005bc2b      0xbbf build/UDPServer/production/_ext/1488525653/oahash.o
 .debug_info    0x0005c7ea     0x7e76 build/UDPServer/production/_ext/1488525653/tcpip_helpers.o
 .debug_info    0x00064660     0xd170 build/UDPServer/production/_ext/1488525653/tcpip_manager.o
 .debug_info    0x000717d0     0x3007 build/UDPServer/production/_ext/1488525653/tcpip_notify.o
 .debug_info    0x000747d7     0x40a5 build/UDPServer/production/_ext/1488525653/tcpip_packet.o
 .debug_info    0x0007887c     0xa183 build/UDPServer/production/_ext/1488525653/udp.o
 .debug_info    0x000829ff      0x8bd build/UDPServer/production/_ext/1555995027/plib_clk.o
 .debug_info    0x000832bc      0x96b build/UDPServer/production/_ext/1555993299/plib_efc.o
 .debug_info    0x00083c27      0x974 build/UDPServer/production/_ext/1555985283/plib_mpu.o
 .debug_info    0x0008459b     0x1427 build/UDPServer/production/_ext/990868233/plib_nvic.o
 .debug_info    0x000859c2      0xf2f build/UDPServer/production/_ext/1555982623/plib_pio.o
 .debug_info    0x000868f1      0x915 build/UDPServer/production/_ext/1473827780/plib_tc0.o
 .debug_info    0x00087206     0x19cc build/UDPServer/production/_ext/645775984/plib_usart1.o
 .debug_info    0x00088bd2     0x3243 build/UDPServer/production/_ext/1684283038/sys_command.o
 .debug_info    0x0008be15     0x4e33 build/UDPServer/production/_ext/1227570858/sys_console_uart.o
 .debug_info    0x00090c48     0x15a3 build/UDPServer/production/_ext/1227570858/sys_console.o
 .debug_info    0x000921eb      0xe20 build/UDPServer/production/_ext/1702209242/sys_debug.o
 .debug_info    0x0009300b      0xcea build/UDPServer/production/_ext/265507906/sys_int.o
 .debug_info    0x00093cf5      0x8ba build/UDPServer/production/_ext/371567283/sys_reset.o
 .debug_info    0x000945af     0x2a90 build/UDPServer/production/_ext/1336745700/sys_time.o
 .debug_info    0x0009703f      0x6c8 build/UDPServer/production/_ext/1845636979/sys_time_h2_adapter.o
 .debug_info    0x00097707     0x411f build/UDPServer/production/_ext/1719611761/tasks.o
 .debug_info    0x0009b826     0x6bcb build/UDPServer/production/_ext/1719611761/initialization.o
 .debug_info    0x000a23f1     0x4c38 build/UDPServer/production/_ext/1719611761/interrupts.o
 .debug_info    0x000a7029     0x4190 build/UDPServer/production/_ext/1719611761/exceptions.o
 .debug_info    0x000ab1b9      0xe04 build/UDPServer/production/_ext/1719611761/startup_xc32.o
 .debug_info    0x000abfbd     0x4fd6 build/UDPServer/production/_ext/1360937237/app.o
 .debug_info    0x000b0f93     0x40e5 build/UDPServer/production/_ext/1360937237/main.o
 .debug_info    0x000b5078     0x58e6 build/UDPServer/production/_ext/1488525653/tcpip_announce.o
 .debug_info    0x000ba95e      0x2e1 c:/program files/microchip/xc32/v4.00/bin/bin/../../lib/gcc/pic32c/8.3.1/../../../../pic32c/lib/thumb/v7e-m+dp/hard\libpic32c.a(data_init.o)
 .debug_info    0x000bac3f      0x603 c:/program files/microchip/xc32/v4.00/bin/bin/../../lib/gcc/pic32c/8.3.1/../../../../pic32c/lib/thumb/v7e-m+dp/hard\libc-musl.a(isalnum.o)
 .debug_info    0x000bb242      0x606 c:/program files/microchip/xc32/v4.00/bin/bin/../../lib/gcc/pic32c/8.3.1/../../../../pic32c/lib/thumb/v7e-m+dp/hard\libc-musl.a(isxdigit.o)
 .debug_info    0x000bb848      0x603 c:/program files/microchip/xc32/v4.00/bin/bin/../../lib/gcc/pic32c/8.3.1/../../../../pic32c/lib/thumb/v7e-m+dp/hard\libc-musl.a(tolower.o)
 .debug_info    0x000bbe4b      0x603 c:/program files/microchip/xc32/v4.00/bin/bin/../../lib/gcc/pic32c/8.3.1/../../../../pic32c/lib/thumb/v7e-m+dp/hard\libc-musl.a(toupper.o)
 .debug_info    0x000bc44e      0x6b9 c:/program files/microchip/xc32/v4.00/bin/bin/../../lib/gcc/pic32c/8.3.1/../../../../pic32c/lib/thumb/v7e-m+dp/hard\libc-musl.a(__libc_start_main.o)
 .debug_info    0x000bcb07      0x5e5 c:/program files/microchip/xc32/v4.00/bin/bin/../../lib/gcc/pic32c/8.3.1/../../../../pic32c/lib/thumb/v7e-m+dp/hard\libc-musl.a(libc.o)
 .debug_info    0x000bd0ec      0x30c c:/program files/microchip/xc32/v4.00/bin/bin/../../lib/gcc/pic32c/8.3.1/../../../../pic32c/lib/thumb/v7e-m+dp/hard\libc-musl.a(calloc.o)
 .debug_info    0x000bd3f8     0x14b0 c:/program files/microchip/xc32/v4.00/bin/bin/../../lib/gcc/pic32c/8.3.1/../../../../pic32c/lib/thumb/v7e-m+dp/hard\libc-musl.a(malloc.o)
 .debug_info    0x000be8a8      0x688 c:/program files/microchip/xc32/v4.00/bin/bin/../../lib/gcc/pic32c/8.3.1/../../../../pic32c/lib/thumb/v7e-m+dp/hard\libc-musl.a(expand_heap.o)
 .debug_info    0x000bef30      0x359 c:/program files/microchip/xc32/v4.00/bin/bin/../../lib/gcc/pic32c/8.3.1/../../../../pic32c/lib/thumb/v7e-m+dp/hard\libc-musl.a(rand.o)
 .debug_info    0x000bf289      0x98c c:/program files/microchip/xc32/v4.00/bin/bin/../../lib/gcc/pic32c/8.3.1/../../../../pic32c/lib/thumb/v7e-m+dp/hard\libc-musl.a(vsnprintf.o)
 .debug_info    0x000bfc15      0x3e2 c:/program files/microchip/xc32/v4.00/bin/bin/../../lib/gcc/pic32c/8.3.1/../../../../pic32c/lib/thumb/v7e-m+dp/hard\libc-musl.a(snprintf.o)
 .debug_info    0x000bfff7      0x3b8 c:/program files/microchip/xc32/v4.00/bin/bin/../../lib/gcc/pic32c/8.3.1/../../../../pic32c/lib/thumb/v7e-m+dp/hard\libc-musl.a(sprintf.o)
 .debug_info    0x000c03af      0x3b2 c:/program files/microchip/xc32/v4.00/bin/bin/../../lib/gcc/pic32c/8.3.1/../../../../pic32c/lib/thumb/v7e-m+dp/hard\libc-musl.a(vsprintf.o)
 .debug_info    0x000c0761      0x328 c:/program files/microchip/xc32/v4.00/bin/bin/../../lib/gcc/pic32c/8.3.1/../../../../pic32c/lib/thumb/v7e-m+dp/hard\libc-musl.a(atoi.o)
 .debug_info    0x000c0a89      0xc73 c:/program files/microchip/xc32/v4.00/bin/bin/../../lib/gcc/pic32c/8.3.1/../../../../pic32c/lib/thumb/v7e-m+dp/hard\libc-musl.a(strtol.o)
 .debug_info    0x000c16fc      0x30f c:/program files/microchip/xc32/v4.00/bin/bin/../../lib/gcc/pic32c/8.3.1/../../../../pic32c/lib/thumb/v7e-m+dp/hard\libc-musl.a(memcmp.o)
 .debug_info    0x000c1a0b      0x324 c:/program files/microchip/xc32/v4.00/bin/bin/../../lib/gcc/pic32c/8.3.1/../../../../pic32c/lib/thumb/v7e-m+dp/hard\libc-musl.a(memcpy.o)
 .debug_info    0x000c1d2f      0x2e2 c:/program files/microchip/xc32/v4.00/bin/bin/../../lib/gcc/pic32c/8.3.1/../../../../pic32c/lib/thumb/v7e-m+dp/hard\libc-musl.a(memset.o)
 .debug_info    0x000c2011      0x2d3 c:/program files/microchip/xc32/v4.00/bin/bin/../../lib/gcc/pic32c/8.3.1/../../../../pic32c/lib/thumb/v7e-m+dp/hard\libc-musl.a(strlen.o)
 .debug_info    0x000c22e4      0x2f5 c:/program files/microchip/xc32/v4.00/bin/bin/../../lib/gcc/pic32c/8.3.1/../../../../pic32c/lib/thumb/v7e-m+dp/hard\libc-musl.a(strchr.o)
 .debug_info    0x000c25d9      0x6dd c:/program files/microchip/xc32/v4.00/bin/bin/../../lib/gcc/pic32c/8.3.1/../../../../pic32c/lib/thumb/v7e-m+dp/hard\libc-musl.a(strchrnul.o)
 .debug_info    0x000c2cb6      0x2b7 c:/program files/microchip/xc32/v4.00/bin/bin/../../lib/gcc/pic32c/8.3.1/../../../../pic32c/lib/thumb/v7e-m+dp/hard\libc-musl.a(strcmp.o)
 .debug_info    0x000c2f6d      0x2e1 c:/program files/microchip/xc32/v4.00/bin/bin/../../lib/gcc/pic32c/8.3.1/../../../../pic32c/lib/thumb/v7e-m+dp/hard\libc-musl.a(strcpy.o)
 .debug_info    0x000c324e      0x31d c:/program files/microchip/xc32/v4.00/bin/bin/../../lib/gcc/pic32c/8.3.1/../../../../pic32c/lib/thumb/v7e-m+dp/hard\libc-musl.a(strncmp.o)
 .debug_info    0x000c356b      0x306 c:/program files/microchip/xc32/v4.00/bin/bin/../../lib/gcc/pic32c/8.3.1/../../../../pic32c/lib/thumb/v7e-m+dp/hard\libc-musl.a(strncpy.o)
 .debug_info    0x000c3871      0x323 c:/program files/microchip/xc32/v4.00/bin/bin/../../lib/gcc/pic32c/8.3.1/../../../../pic32c/lib/thumb/v7e-m+dp/hard\libc-musl.a(strtok.o)
 .debug_info    0x000c3b94      0x59c c:/program files/microchip/xc32/v4.00/bin/bin/../../lib/gcc/pic32c/8.3.1/../../../../pic32c/lib/thumb/v7e-m+dp/hard\libc-musl.a(__environ.o)
 .debug_info    0x000c4130      0x580 c:/program files/microchip/xc32/v4.00/bin/bin/../../lib/gcc/pic32c/8.3.1/../../../../pic32c/lib/thumb/v7e-m+dp/hard\libc-musl.a(__errno_location.o)
 .debug_info    0x000c46b0      0xad5 c:/program files/microchip/xc32/v4.00/bin/bin/../../lib/gcc/pic32c/8.3.1/../../../../pic32c/lib/thumb/v7e-m+dp/hard\libc-musl.a(intscan.o)
 .debug_info    0x000c5185      0x8da c:/program files/microchip/xc32/v4.00/bin/bin/../../lib/gcc/pic32c/8.3.1/../../../../pic32c/lib/thumb/v7e-m+dp/hard\libc-musl.a(shgetc.o)
 .debug_info    0x000c5a5f      0x8a6 c:/program files/microchip/xc32/v4.00/bin/bin/../../lib/gcc/pic32c/8.3.1/../../../../pic32c/lib/thumb/v7e-m+dp/hard\libc-musl.a(__uflow.o)
 .debug_info    0x000c6305      0x953 c:/program files/microchip/xc32/v4.00/bin/bin/../../lib/gcc/pic32c/8.3.1/../../../../pic32c/lib/thumb/v7e-m+dp/hard\libc-musl.a(vfprintf.o)
 .debug_info    0x000c6c58      0x5bf c:/program files/microchip/xc32/v4.00/bin/bin/../../lib/gcc/pic32c/8.3.1/../../../../pic32c/lib/thumb/v7e-m+dp/hard\libc-musl.a(stpcpy.o)
 .debug_info    0x000c7217      0x5ec c:/program files/microchip/xc32/v4.00/bin/bin/../../lib/gcc/pic32c/8.3.1/../../../../pic32c/lib/thumb/v7e-m+dp/hard\libc-musl.a(stpncpy.o)
 .debug_info    0x000c7803      0x348 c:/program files/microchip/xc32/v4.00/bin/bin/../../lib/gcc/pic32c/8.3.1/../../../../pic32c/lib/thumb/v7e-m+dp/hard\libc-musl.a(strcspn.o)
 .debug_info    0x000c7b4b      0x32d c:/program files/microchip/xc32/v4.00/bin/bin/../../lib/gcc/pic32c/8.3.1/../../../../pic32c/lib/thumb/v7e-m+dp/hard\libc-musl.a(strspn.o)
 .debug_info    0x000c7e78      0x8c0 c:/program files/microchip/xc32/v4.00/bin/bin/../../lib/gcc/pic32c/8.3.1/../../../../pic32c/lib/thumb/v7e-m+dp/hard\libc-musl.a(__toread.o)
 .debug_info    0x000c8738     0x101d c:/program files/microchip/xc32/v4.00/bin/bin/../../lib/gcc/pic32c/8.3.1/../../../../pic32c/lib/thumb/v7e-m+dp/hard\libc-musl.a(__printf_core.o)
 .debug_info    0x000c9755      0xc8a c:/program files/microchip/xc32/v4.00/bin/bin/../../lib/gcc/pic32c/8.3.1/../../../../pic32c/lib/thumb/v7e-m+dp/hard\libc-musl.a(__fmt_a.o)
 .debug_info    0x000ca3df      0x8c2 c:/program files/microchip/xc32/v4.00/bin/bin/../../lib/gcc/pic32c/8.3.1/../../../../pic32c/lib/thumb/v7e-m+dp/hard\libc-musl.a(__fmt_d.o)
 .debug_info    0x000caca1      0xc78 c:/program files/microchip/xc32/v4.00/bin/bin/../../lib/gcc/pic32c/8.3.1/../../../../pic32c/lib/thumb/v7e-m+dp/hard\libc-musl.a(__fmt_fp.o)
 .debug_info    0x000cb919      0x893 c:/program files/microchip/xc32/v4.00/bin/bin/../../lib/gcc/pic32c/8.3.1/../../../../pic32c/lib/thumb/v7e-m+dp/hard\libc-musl.a(__fmt_o.o)
 .debug_info    0x000cc1ac      0x839 c:/program files/microchip/xc32/v4.00/bin/bin/../../lib/gcc/pic32c/8.3.1/../../../../pic32c/lib/thumb/v7e-m+dp/hard\libc-musl.a(__fmt_s.o)
 .debug_info    0x000cc9e5      0x960 c:/program files/microchip/xc32/v4.00/bin/bin/../../lib/gcc/pic32c/8.3.1/../../../../pic32c/lib/thumb/v7e-m+dp/hard\libc-musl.a(__fmt_u.o)
 .debug_info    0x000cd345      0x8f9 c:/program files/microchip/xc32/v4.00/bin/bin/../../lib/gcc/pic32c/8.3.1/../../../../pic32c/lib/thumb/v7e-m+dp/hard\libc-musl.a(__fmt_x.o)
 .debug_info    0x000cdc3e      0x766 c:/program files/microchip/xc32/v4.00/bin/bin/../../lib/gcc/pic32c/8.3.1/../../../../pic32c/lib/thumb/v7e-m+dp/hard\libc-musl.a(__pop_float.o)
 .debug_info    0x000ce3a4      0x78a c:/program files/microchip/xc32/v4.00/bin/bin/../../lib/gcc/pic32c/8.3.1/../../../../pic32c/lib/thumb/v7e-m+dp/hard\libc-musl.a(__pop_int.o)
 .debug_info    0x000ceb2e      0x781 c:/program files/microchip/xc32/v4.00/bin/bin/../../lib/gcc/pic32c/8.3.1/../../../../pic32c/lib/thumb/v7e-m+dp/hard\libc-musl.a(__pop_ptr.o)
 .debug_info    0x000cf2af       0x26 c:/program files/microchip/xc32/v4.00/bin/bin/../../lib/gcc/pic32c/8.3.1/thumb/v7e-m+dp/hard\libgcc.a(_aeabi_uldivmod.o)
 .debug_info    0x000cf2d5     0x1ff0 c:/program files/microchip/xc32/v4.00/bin/bin/../../lib/gcc/pic32c/8.3.1/thumb/v7e-m+dp/hard\libgcc.a(_udivmoddi4.o)
 .debug_info    0x000d12c5       0x26 c:/program files/microchip/xc32/v4.00/bin/bin/../../lib/gcc/pic32c/8.3.1/thumb/v7e-m+dp/hard\libgcc.a(_dvmd_tls.o)
 .debug_info    0x000d12eb      0x2c4 c:/program files/microchip/xc32/v4.00/bin/bin/../../lib/gcc/pic32c/8.3.1/../../../../pic32c/lib/thumb/v7e-m+dp/hard\libpic32c.a(sbrk.o)

.debug_abbrev   0x00000000     0xe21a
 .debug_abbrev  0x00000000      0x55a build/UDPServer/production/_ext/305229558/drv_ethphy.o
 .debug_abbrev  0x0000055a      0x1ee build/UDPServer/production/_ext/305229558/drv_extphy_ksz8061.o
 .debug_abbrev  0x00000748      0x67a build/UDPServer/production/_ext/1765021834/drv_gmac.o
 .debug_abbrev  0x00000dc2      0x645 build/UDPServer/production/_ext/1765021834/drv_gmac_lib_samE7x_V7x.o
 .debug_abbrev  0x00001407      0x689 build/UDPServer/production/_ext/657064018/drv_miim.o
 .debug_abbrev  0x00001a90      0x1b2 build/UDPServer/production/_ext/1488525653/helpers.o
 .debug_abbrev  0x00001c42      0x462 build/UDPServer/production/_ext/1488525653/icmp.o
 .debug_abbrev  0x000020a4      0x61d build/UDPServer/production/_ext/1488525653/arp.o
 .debug_abbrev  0x000026c1      0x4f7 build/UDPServer/production/_ext/1488525653/tcpip_commands.o
 .debug_abbrev  0x00002bb8      0x612 build/UDPServer/production/_ext/1488525653/ipv4.o
 .debug_abbrev  0x000031ca      0x2c7 build/UDPServer/production/_ext/1488525653/tcpip_heap_alloc.o
 .debug_abbrev  0x00003491      0x521 build/UDPServer/production/_ext/1488525653/tcpip_heap_internal.o
 .debug_abbrev  0x000039b2      0x678 build/UDPServer/production/_ext/1488525653/dhcp.o
 .debug_abbrev  0x0000402a      0x5cf build/UDPServer/production/_ext/1488525653/dns.o
 .debug_abbrev  0x000045f9       0xc7 build/UDPServer/production/_ext/1488525653/hash_fnv.o
 .debug_abbrev  0x000046c0      0x2ea build/UDPServer/production/_ext/1488525653/oahash.o
 .debug_abbrev  0x000049aa      0x646 build/UDPServer/production/_ext/1488525653/tcpip_helpers.o
 .debug_abbrev  0x00004ff0      0x7d7 build/UDPServer/production/_ext/1488525653/tcpip_manager.o
 .debug_abbrev  0x000057c7      0x34b build/UDPServer/production/_ext/1488525653/tcpip_notify.o
 .debug_abbrev  0x00005b12      0x53e build/UDPServer/production/_ext/1488525653/tcpip_packet.o
 .debug_abbrev  0x00006050      0x69c build/UDPServer/production/_ext/1488525653/udp.o
 .debug_abbrev  0x000066ec       0xd5 build/UDPServer/production/_ext/1555995027/plib_clk.o
 .debug_abbrev  0x000067c1      0x1f5 build/UDPServer/production/_ext/1555993299/plib_efc.o
 .debug_abbrev  0x000069b6       0xe4 build/UDPServer/production/_ext/1555985283/plib_mpu.o
 .debug_abbrev  0x00006a9a      0x213 build/UDPServer/production/_ext/990868233/plib_nvic.o
 .debug_abbrev  0x00006cad      0x180 build/UDPServer/production/_ext/1555982623/plib_pio.o
 .debug_abbrev  0x00006e2d      0x1b6 build/UDPServer/production/_ext/1473827780/plib_tc0.o
 .debug_abbrev  0x00006fe3      0x4af build/UDPServer/production/_ext/645775984/plib_usart1.o
 .debug_abbrev  0x00007492      0x52c build/UDPServer/production/_ext/1684283038/sys_command.o
 .debug_abbrev  0x000079be      0x4ba build/UDPServer/production/_ext/1227570858/sys_console_uart.o
 .debug_abbrev  0x00007e78      0x437 build/UDPServer/production/_ext/1227570858/sys_console.o
 .debug_abbrev  0x000082af      0x1f5 build/UDPServer/production/_ext/1702209242/sys_debug.o
 .debug_abbrev  0x000084a4      0x267 build/UDPServer/production/_ext/265507906/sys_int.o
 .debug_abbrev  0x0000870b      0x102 build/UDPServer/production/_ext/371567283/sys_reset.o
 .debug_abbrev  0x0000880d      0x592 build/UDPServer/production/_ext/1336745700/sys_time.o
 .debug_abbrev  0x00008d9f      0x17e build/UDPServer/production/_ext/1845636979/sys_time_h2_adapter.o
 .debug_abbrev  0x00008f1d      0x290 build/UDPServer/production/_ext/1719611761/tasks.o
 .debug_abbrev  0x000091ad      0x393 build/UDPServer/production/_ext/1719611761/initialization.o
 .debug_abbrev  0x00009540      0x283 build/UDPServer/production/_ext/1719611761/interrupts.o
 .debug_abbrev  0x000097c3      0x25e build/UDPServer/production/_ext/1719611761/exceptions.o
 .debug_abbrev  0x00009a21      0x223 build/UDPServer/production/_ext/1719611761/startup_xc32.o
 .debug_abbrev  0x00009c44      0x34a build/UDPServer/production/_ext/1360937237/app.o
 .debug_abbrev  0x00009f8e      0x297 build/UDPServer/production/_ext/1360937237/main.o
 .debug_abbrev  0x0000a225      0x519 build/UDPServer/production/_ext/1488525653/tcpip_announce.o
 .debug_abbrev  0x0000a73e       0x2e c:/program files/microchip/xc32/v4.00/bin/bin/../../lib/gcc/pic32c/8.3.1/../../../../pic32c/lib/thumb/v7e-m+dp/hard\libpic32c.a(data_init.o)
 .debug_abbrev  0x0000a76c      0x126 c:/program files/microchip/xc32/v4.00/bin/bin/../../lib/gcc/pic32c/8.3.1/../../../../pic32c/lib/thumb/v7e-m+dp/hard\libc-musl.a(isalnum.o)
 .debug_abbrev  0x0000a892      0x126 c:/program files/microchip/xc32/v4.00/bin/bin/../../lib/gcc/pic32c/8.3.1/../../../../pic32c/lib/thumb/v7e-m+dp/hard\libc-musl.a(isxdigit.o)
 .debug_abbrev  0x0000a9b8      0x126 c:/program files/microchip/xc32/v4.00/bin/bin/../../lib/gcc/pic32c/8.3.1/../../../../pic32c/lib/thumb/v7e-m+dp/hard\libc-musl.a(tolower.o)
 .debug_abbrev  0x0000aade      0x126 c:/program files/microchip/xc32/v4.00/bin/bin/../../lib/gcc/pic32c/8.3.1/../../../../pic32c/lib/thumb/v7e-m+dp/hard\libc-musl.a(toupper.o)
 .debug_abbrev  0x0000ac04      0x126 c:/program files/microchip/xc32/v4.00/bin/bin/../../lib/gcc/pic32c/8.3.1/../../../../pic32c/lib/thumb/v7e-m+dp/hard\libc-musl.a(__libc_start_main.o)
 .debug_abbrev  0x0000ad2a       0xc7 c:/program files/microchip/xc32/v4.00/bin/bin/../../lib/gcc/pic32c/8.3.1/../../../../pic32c/lib/thumb/v7e-m+dp/hard\libc-musl.a(libc.o)
 .debug_abbrev  0x0000adf1       0xaa c:/program files/microchip/xc32/v4.00/bin/bin/../../lib/gcc/pic32c/8.3.1/../../../../pic32c/lib/thumb/v7e-m+dp/hard\libc-musl.a(calloc.o)
 .debug_abbrev  0x0000ae9b      0x413 c:/program files/microchip/xc32/v4.00/bin/bin/../../lib/gcc/pic32c/8.3.1/../../../../pic32c/lib/thumb/v7e-m+dp/hard\libc-musl.a(malloc.o)
 .debug_abbrev  0x0000b2ae      0x112 c:/program files/microchip/xc32/v4.00/bin/bin/../../lib/gcc/pic32c/8.3.1/../../../../pic32c/lib/thumb/v7e-m+dp/hard\libc-musl.a(expand_heap.o)
 .debug_abbrev  0x0000b3c0       0x8b c:/program files/microchip/xc32/v4.00/bin/bin/../../lib/gcc/pic32c/8.3.1/../../../../pic32c/lib/thumb/v7e-m+dp/hard\libc-musl.a(rand.o)
 .debug_abbrev  0x0000b44b      0x168 c:/program files/microchip/xc32/v4.00/bin/bin/../../lib/gcc/pic32c/8.3.1/../../../../pic32c/lib/thumb/v7e-m+dp/hard\libc-musl.a(vsnprintf.o)
 .debug_abbrev  0x0000b5b3      0x126 c:/program files/microchip/xc32/v4.00/bin/bin/../../lib/gcc/pic32c/8.3.1/../../../../pic32c/lib/thumb/v7e-m+dp/hard\libc-musl.a(snprintf.o)
 .debug_abbrev  0x0000b6d9      0x126 c:/program files/microchip/xc32/v4.00/bin/bin/../../lib/gcc/pic32c/8.3.1/../../../../pic32c/lib/thumb/v7e-m+dp/hard\libc-musl.a(sprintf.o)
 .debug_abbrev  0x0000b7ff       0xee c:/program files/microchip/xc32/v4.00/bin/bin/../../lib/gcc/pic32c/8.3.1/../../../../pic32c/lib/thumb/v7e-m+dp/hard\libc-musl.a(vsprintf.o)
 .debug_abbrev  0x0000b8ed       0xbb c:/program files/microchip/xc32/v4.00/bin/bin/../../lib/gcc/pic32c/8.3.1/../../../../pic32c/lib/thumb/v7e-m+dp/hard\libc-musl.a(atoi.o)
 .debug_abbrev  0x0000b9a8      0x1da c:/program files/microchip/xc32/v4.00/bin/bin/../../lib/gcc/pic32c/8.3.1/../../../../pic32c/lib/thumb/v7e-m+dp/hard\libc-musl.a(strtol.o)
 .debug_abbrev  0x0000bb82       0x8b c:/program files/microchip/xc32/v4.00/bin/bin/../../lib/gcc/pic32c/8.3.1/../../../../pic32c/lib/thumb/v7e-m+dp/hard\libc-musl.a(memcmp.o)
 .debug_abbrev  0x0000bc0d       0x9c c:/program files/microchip/xc32/v4.00/bin/bin/../../lib/gcc/pic32c/8.3.1/../../../../pic32c/lib/thumb/v7e-m+dp/hard\libc-musl.a(memcpy.o)
 .debug_abbrev  0x0000bca9       0x97 c:/program files/microchip/xc32/v4.00/bin/bin/../../lib/gcc/pic32c/8.3.1/../../../../pic32c/lib/thumb/v7e-m+dp/hard\libc-musl.a(memset.o)
 .debug_abbrev  0x0000bd40       0x86 c:/program files/microchip/xc32/v4.00/bin/bin/../../lib/gcc/pic32c/8.3.1/../../../../pic32c/lib/thumb/v7e-m+dp/hard\libc-musl.a(strlen.o)
 .debug_abbrev  0x0000bdc6       0xa2 c:/program files/microchip/xc32/v4.00/bin/bin/../../lib/gcc/pic32c/8.3.1/../../../../pic32c/lib/thumb/v7e-m+dp/hard\libc-musl.a(strchr.o)
 .debug_abbrev  0x0000be68      0x158 c:/program files/microchip/xc32/v4.00/bin/bin/../../lib/gcc/pic32c/8.3.1/../../../../pic32c/lib/thumb/v7e-m+dp/hard\libc-musl.a(strchrnul.o)
 .debug_abbrev  0x0000bfc0       0x63 c:/program files/microchip/xc32/v4.00/bin/bin/../../lib/gcc/pic32c/8.3.1/../../../../pic32c/lib/thumb/v7e-m+dp/hard\libc-musl.a(strcmp.o)
 .debug_abbrev  0x0000c023       0x8e c:/program files/microchip/xc32/v4.00/bin/bin/../../lib/gcc/pic32c/8.3.1/../../../../pic32c/lib/thumb/v7e-m+dp/hard\libc-musl.a(strcpy.o)
 .debug_abbrev  0x0000c0b1       0x86 c:/program files/microchip/xc32/v4.00/bin/bin/../../lib/gcc/pic32c/8.3.1/../../../../pic32c/lib/thumb/v7e-m+dp/hard\libc-musl.a(strncmp.o)
 .debug_abbrev  0x0000c137       0x9d c:/program files/microchip/xc32/v4.00/bin/bin/../../lib/gcc/pic32c/8.3.1/../../../../pic32c/lib/thumb/v7e-m+dp/hard\libc-musl.a(strncpy.o)
 .debug_abbrev  0x0000c1d4       0xac c:/program files/microchip/xc32/v4.00/bin/bin/../../lib/gcc/pic32c/8.3.1/../../../../pic32c/lib/thumb/v7e-m+dp/hard\libc-musl.a(strtok.o)
 .debug_abbrev  0x0000c280       0xc7 c:/program files/microchip/xc32/v4.00/bin/bin/../../lib/gcc/pic32c/8.3.1/../../../../pic32c/lib/thumb/v7e-m+dp/hard\libc-musl.a(__environ.o)
 .debug_abbrev  0x0000c347       0xba c:/program files/microchip/xc32/v4.00/bin/bin/../../lib/gcc/pic32c/8.3.1/../../../../pic32c/lib/thumb/v7e-m+dp/hard\libc-musl.a(__errno_location.o)
 .debug_abbrev  0x0000c401      0x1cb c:/program files/microchip/xc32/v4.00/bin/bin/../../lib/gcc/pic32c/8.3.1/../../../../pic32c/lib/thumb/v7e-m+dp/hard\libc-musl.a(intscan.o)
 .debug_abbrev  0x0000c5cc      0x15d c:/program files/microchip/xc32/v4.00/bin/bin/../../lib/gcc/pic32c/8.3.1/../../../../pic32c/lib/thumb/v7e-m+dp/hard\libc-musl.a(shgetc.o)
 .debug_abbrev  0x0000c729      0x138 c:/program files/microchip/xc32/v4.00/bin/bin/../../lib/gcc/pic32c/8.3.1/../../../../pic32c/lib/thumb/v7e-m+dp/hard\libc-musl.a(__uflow.o)
 .debug_abbrev  0x0000c861      0x180 c:/program files/microchip/xc32/v4.00/bin/bin/../../lib/gcc/pic32c/8.3.1/../../../../pic32c/lib/thumb/v7e-m+dp/hard\libc-musl.a(vfprintf.o)
 .debug_abbrev  0x0000c9e1       0xdf c:/program files/microchip/xc32/v4.00/bin/bin/../../lib/gcc/pic32c/8.3.1/../../../../pic32c/lib/thumb/v7e-m+dp/hard\libc-musl.a(stpcpy.o)
 .debug_abbrev  0x0000cac0       0xf3 c:/program files/microchip/xc32/v4.00/bin/bin/../../lib/gcc/pic32c/8.3.1/../../../../pic32c/lib/thumb/v7e-m+dp/hard\libc-musl.a(stpncpy.o)
 .debug_abbrev  0x0000cbb3       0xf5 c:/program files/microchip/xc32/v4.00/bin/bin/../../lib/gcc/pic32c/8.3.1/../../../../pic32c/lib/thumb/v7e-m+dp/hard\libc-musl.a(strcspn.o)
 .debug_abbrev  0x0000cca8       0xd2 c:/program files/microchip/xc32/v4.00/bin/bin/../../lib/gcc/pic32c/8.3.1/../../../../pic32c/lib/thumb/v7e-m+dp/hard\libc-musl.a(strspn.o)
 .debug_abbrev  0x0000cd7a      0x142 c:/program files/microchip/xc32/v4.00/bin/bin/../../lib/gcc/pic32c/8.3.1/../../../../pic32c/lib/thumb/v7e-m+dp/hard\libc-musl.a(__toread.o)
 .debug_abbrev  0x0000cebc      0x2e8 c:/program files/microchip/xc32/v4.00/bin/bin/../../lib/gcc/pic32c/8.3.1/../../../../pic32c/lib/thumb/v7e-m+dp/hard\libc-musl.a(__printf_core.o)
 .debug_abbrev  0x0000d1a4      0x1ff c:/program files/microchip/xc32/v4.00/bin/bin/../../lib/gcc/pic32c/8.3.1/../../../../pic32c/lib/thumb/v7e-m+dp/hard\libc-musl.a(__fmt_a.o)
 .debug_abbrev  0x0000d3a3      0x16f c:/program files/microchip/xc32/v4.00/bin/bin/../../lib/gcc/pic32c/8.3.1/../../../../pic32c/lib/thumb/v7e-m+dp/hard\libc-musl.a(__fmt_d.o)
 .debug_abbrev  0x0000d512      0x1f0 c:/program files/microchip/xc32/v4.00/bin/bin/../../lib/gcc/pic32c/8.3.1/../../../../pic32c/lib/thumb/v7e-m+dp/hard\libc-musl.a(__fmt_fp.o)
 .debug_abbrev  0x0000d702      0x16f c:/program files/microchip/xc32/v4.00/bin/bin/../../lib/gcc/pic32c/8.3.1/../../../../pic32c/lib/thumb/v7e-m+dp/hard\libc-musl.a(__fmt_o.o)
 .debug_abbrev  0x0000d871      0x14f c:/program files/microchip/xc32/v4.00/bin/bin/../../lib/gcc/pic32c/8.3.1/../../../../pic32c/lib/thumb/v7e-m+dp/hard\libc-musl.a(__fmt_s.o)
 .debug_abbrev  0x0000d9c0      0x1b2 c:/program files/microchip/xc32/v4.00/bin/bin/../../lib/gcc/pic32c/8.3.1/../../../../pic32c/lib/thumb/v7e-m+dp/hard\libc-musl.a(__fmt_u.o)
 .debug_abbrev  0x0000db72      0x15e c:/program files/microchip/xc32/v4.00/bin/bin/../../lib/gcc/pic32c/8.3.1/../../../../pic32c/lib/thumb/v7e-m+dp/hard\libc-musl.a(__fmt_x.o)
 .debug_abbrev  0x0000dcd0      0x11b c:/program files/microchip/xc32/v4.00/bin/bin/../../lib/gcc/pic32c/8.3.1/../../../../pic32c/lib/thumb/v7e-m+dp/hard\libc-musl.a(__pop_float.o)
 .debug_abbrev  0x0000ddeb      0x11b c:/program files/microchip/xc32/v4.00/bin/bin/../../lib/gcc/pic32c/8.3.1/../../../../pic32c/lib/thumb/v7e-m+dp/hard\libc-musl.a(__pop_int.o)
 .debug_abbrev  0x0000df06      0x12c c:/program files/microchip/xc32/v4.00/bin/bin/../../lib/gcc/pic32c/8.3.1/../../../../pic32c/lib/thumb/v7e-m+dp/hard\libc-musl.a(__pop_ptr.o)
 .debug_abbrev  0x0000e032       0x14 c:/program files/microchip/xc32/v4.00/bin/bin/../../lib/gcc/pic32c/8.3.1/thumb/v7e-m+dp/hard\libgcc.a(_aeabi_uldivmod.o)
 .debug_abbrev  0x0000e046      0x192 c:/program files/microchip/xc32/v4.00/bin/bin/../../lib/gcc/pic32c/8.3.1/thumb/v7e-m+dp/hard\libgcc.a(_udivmoddi4.o)
 .debug_abbrev  0x0000e1d8       0x14 c:/program files/microchip/xc32/v4.00/bin/bin/../../lib/gcc/pic32c/8.3.1/thumb/v7e-m+dp/hard\libgcc.a(_dvmd_tls.o)
 .debug_abbrev  0x0000e1ec       0x2e c:/program files/microchip/xc32/v4.00/bin/bin/../../lib/gcc/pic32c/8.3.1/../../../../pic32c/lib/thumb/v7e-m+dp/hard\libpic32c.a(sbrk.o)

.debug_loc      0x00000000    0x42dc3
 .debug_loc     0x00000000     0x4a04 build/UDPServer/production/_ext/305229558/drv_ethphy.o
 .debug_loc     0x00004a04       0x94 build/UDPServer/production/_ext/305229558/drv_extphy_ksz8061.o
 .debug_loc     0x00004a98     0x3048 build/UDPServer/production/_ext/1765021834/drv_gmac.o
 .debug_loc     0x00007ae0     0x2ce6 build/UDPServer/production/_ext/1765021834/drv_gmac_lib_samE7x_V7x.o
 .debug_loc     0x0000a7c6     0x2cec build/UDPServer/production/_ext/657064018/drv_miim.o
 .debug_loc     0x0000d4b2      0x515 build/UDPServer/production/_ext/1488525653/helpers.o
 .debug_loc     0x0000d9c7      0x3ec build/UDPServer/production/_ext/1488525653/icmp.o
 .debug_loc     0x0000ddb3     0x3a33 build/UDPServer/production/_ext/1488525653/arp.o
 .debug_loc     0x000117e6     0x2c8f build/UDPServer/production/_ext/1488525653/tcpip_commands.o
 .debug_loc     0x00014475     0x2e16 build/UDPServer/production/_ext/1488525653/ipv4.o
 .debug_loc     0x0001728b      0x207 build/UDPServer/production/_ext/1488525653/tcpip_heap_alloc.o
 .debug_loc     0x00017492     0x1625 build/UDPServer/production/_ext/1488525653/tcpip_heap_internal.o
 .debug_loc     0x00018ab7     0x3f2b build/UDPServer/production/_ext/1488525653/dhcp.o
 .debug_loc     0x0001c9e2     0x3f64 build/UDPServer/production/_ext/1488525653/dns.o
 .debug_loc     0x00020946      0x21b build/UDPServer/production/_ext/1488525653/hash_fnv.o
 .debug_loc     0x00020b61      0x4c8 build/UDPServer/production/_ext/1488525653/oahash.o
 .debug_loc     0x00021029     0x5674 build/UDPServer/production/_ext/1488525653/tcpip_helpers.o
 .debug_loc     0x0002669d     0x7cd8 build/UDPServer/production/_ext/1488525653/tcpip_manager.o
 .debug_loc     0x0002e375      0x472 build/UDPServer/production/_ext/1488525653/tcpip_notify.o
 .debug_loc     0x0002e7e7      0xbd5 build/UDPServer/production/_ext/1488525653/tcpip_packet.o
 .debug_loc     0x0002f3bc     0x51f6 build/UDPServer/production/_ext/1488525653/udp.o
 .debug_loc     0x000345b2      0x51b build/UDPServer/production/_ext/1555993299/plib_efc.o
 .debug_loc     0x00034acd      0x2bb build/UDPServer/production/_ext/990868233/plib_nvic.o
 .debug_loc     0x00034d88       0xc0 build/UDPServer/production/_ext/1555982623/plib_pio.o
 .debug_loc     0x00034e48       0x5b build/UDPServer/production/_ext/1473827780/plib_tc0.o
 .debug_loc     0x00034ea3      0xbdb build/UDPServer/production/_ext/645775984/plib_usart1.o
 .debug_loc     0x00035a7e     0x200b build/UDPServer/production/_ext/1684283038/sys_command.o
 .debug_loc     0x00037a89      0x9f9 build/UDPServer/production/_ext/1227570858/sys_console_uart.o
 .debug_loc     0x00038482      0xd1c build/UDPServer/production/_ext/1227570858/sys_console.o
 .debug_loc     0x0003919e       0xe0 build/UDPServer/production/_ext/1702209242/sys_debug.o
 .debug_loc     0x0003927e      0x182 build/UDPServer/production/_ext/265507906/sys_int.o
 .debug_loc     0x00039400     0x21ca build/UDPServer/production/_ext/1336745700/sys_time.o
 .debug_loc     0x0003b5ca      0x152 build/UDPServer/production/_ext/1845636979/sys_time_h2_adapter.o
 .debug_loc     0x0003b71c       0x20 build/UDPServer/production/_ext/1719611761/tasks.o
 .debug_loc     0x0003b73c       0x7d build/UDPServer/production/_ext/1719611761/initialization.o
 .debug_loc     0x0003b7b9       0xa7 build/UDPServer/production/_ext/1719611761/startup_xc32.o
 .debug_loc     0x0003b860      0x2b3 build/UDPServer/production/_ext/1360937237/app.o
 .debug_loc     0x0003bb13       0x20 build/UDPServer/production/_ext/1360937237/main.o
 .debug_loc     0x0003bb33      0xc0a build/UDPServer/production/_ext/1488525653/tcpip_announce.o
 .debug_loc     0x0003c73d       0x14 c:/program files/microchip/xc32/v4.00/bin/bin/../../lib/gcc/pic32c/8.3.1/../../../../pic32c/lib/thumb/v7e-m+dp/hard\libpic32c.a(data_init.o)
 .debug_loc     0x0003c751       0x76 c:/program files/microchip/xc32/v4.00/bin/bin/../../lib/gcc/pic32c/8.3.1/../../../../pic32c/lib/thumb/v7e-m+dp/hard\libc-musl.a(isalnum.o)
 .debug_loc     0x0003c7c7       0x65 c:/program files/microchip/xc32/v4.00/bin/bin/../../lib/gcc/pic32c/8.3.1/../../../../pic32c/lib/thumb/v7e-m+dp/hard\libc-musl.a(isxdigit.o)
 .debug_loc     0x0003c82c       0x4a c:/program files/microchip/xc32/v4.00/bin/bin/../../lib/gcc/pic32c/8.3.1/../../../../pic32c/lib/thumb/v7e-m+dp/hard\libc-musl.a(tolower.o)
 .debug_loc     0x0003c876       0x4a c:/program files/microchip/xc32/v4.00/bin/bin/../../lib/gcc/pic32c/8.3.1/../../../../pic32c/lib/thumb/v7e-m+dp/hard\libc-musl.a(toupper.o)
 .debug_loc     0x0003c8c0       0x51 c:/program files/microchip/xc32/v4.00/bin/bin/../../lib/gcc/pic32c/8.3.1/../../../../pic32c/lib/thumb/v7e-m+dp/hard\libc-musl.a(__libc_start_main.o)
 .debug_loc     0x0003c911       0x74 c:/program files/microchip/xc32/v4.00/bin/bin/../../lib/gcc/pic32c/8.3.1/../../../../pic32c/lib/thumb/v7e-m+dp/hard\libc-musl.a(calloc.o)
 .debug_loc     0x0003c985      0xccc c:/program files/microchip/xc32/v4.00/bin/bin/../../lib/gcc/pic32c/8.3.1/../../../../pic32c/lib/thumb/v7e-m+dp/hard\libc-musl.a(malloc.o)
 .debug_loc     0x0003d651       0x7c c:/program files/microchip/xc32/v4.00/bin/bin/../../lib/gcc/pic32c/8.3.1/../../../../pic32c/lib/thumb/v7e-m+dp/hard\libc-musl.a(expand_heap.o)
 .debug_loc     0x0003d6cd       0x24 c:/program files/microchip/xc32/v4.00/bin/bin/../../lib/gcc/pic32c/8.3.1/../../../../pic32c/lib/thumb/v7e-m+dp/hard\libc-musl.a(rand.o)
 .debug_loc     0x0003d6f1       0xeb c:/program files/microchip/xc32/v4.00/bin/bin/../../lib/gcc/pic32c/8.3.1/../../../../pic32c/lib/thumb/v7e-m+dp/hard\libc-musl.a(vsnprintf.o)
 .debug_loc     0x0003d7dc       0xaf c:/program files/microchip/xc32/v4.00/bin/bin/../../lib/gcc/pic32c/8.3.1/../../../../pic32c/lib/thumb/v7e-m+dp/hard\libc-musl.a(snprintf.o)
 .debug_loc     0x0003d88b       0x8a c:/program files/microchip/xc32/v4.00/bin/bin/../../lib/gcc/pic32c/8.3.1/../../../../pic32c/lib/thumb/v7e-m+dp/hard\libc-musl.a(sprintf.o)
 .debug_loc     0x0003d915       0x6c c:/program files/microchip/xc32/v4.00/bin/bin/../../lib/gcc/pic32c/8.3.1/../../../../pic32c/lib/thumb/v7e-m+dp/hard\libc-musl.a(vsprintf.o)
 .debug_loc     0x0003d981       0xd8 c:/program files/microchip/xc32/v4.00/bin/bin/../../lib/gcc/pic32c/8.3.1/../../../../pic32c/lib/thumb/v7e-m+dp/hard\libc-musl.a(atoi.o)
 .debug_loc     0x0003da59      0x440 c:/program files/microchip/xc32/v4.00/bin/bin/../../lib/gcc/pic32c/8.3.1/../../../../pic32c/lib/thumb/v7e-m+dp/hard\libc-musl.a(strtol.o)
 .debug_loc     0x0003de99      0x10c c:/program files/microchip/xc32/v4.00/bin/bin/../../lib/gcc/pic32c/8.3.1/../../../../pic32c/lib/thumb/v7e-m+dp/hard\libc-musl.a(memcmp.o)
 .debug_loc     0x0003dfa5       0xba c:/program files/microchip/xc32/v4.00/bin/bin/../../lib/gcc/pic32c/8.3.1/../../../../pic32c/lib/thumb/v7e-m+dp/hard\libc-musl.a(memcpy.o)
 .debug_loc     0x0003e05f       0x56 c:/program files/microchip/xc32/v4.00/bin/bin/../../lib/gcc/pic32c/8.3.1/../../../../pic32c/lib/thumb/v7e-m+dp/hard\libc-musl.a(memset.o)
 .debug_loc     0x0003e0b5       0x47 c:/program files/microchip/xc32/v4.00/bin/bin/../../lib/gcc/pic32c/8.3.1/../../../../pic32c/lib/thumb/v7e-m+dp/hard\libc-musl.a(strlen.o)
 .debug_loc     0x0003e0fc       0x8c c:/program files/microchip/xc32/v4.00/bin/bin/../../lib/gcc/pic32c/8.3.1/../../../../pic32c/lib/thumb/v7e-m+dp/hard\libc-musl.a(strchr.o)
 .debug_loc     0x0003e188      0x14c c:/program files/microchip/xc32/v4.00/bin/bin/../../lib/gcc/pic32c/8.3.1/../../../../pic32c/lib/thumb/v7e-m+dp/hard\libc-musl.a(strchrnul.o)
 .debug_loc     0x0003e2d4       0x76 c:/program files/microchip/xc32/v4.00/bin/bin/../../lib/gcc/pic32c/8.3.1/../../../../pic32c/lib/thumb/v7e-m+dp/hard\libc-musl.a(strcmp.o)
 .debug_loc     0x0003e34a       0x67 c:/program files/microchip/xc32/v4.00/bin/bin/../../lib/gcc/pic32c/8.3.1/../../../../pic32c/lib/thumb/v7e-m+dp/hard\libc-musl.a(strcpy.o)
 .debug_loc     0x0003e3b1      0x1a6 c:/program files/microchip/xc32/v4.00/bin/bin/../../lib/gcc/pic32c/8.3.1/../../../../pic32c/lib/thumb/v7e-m+dp/hard\libc-musl.a(strncmp.o)
 .debug_loc     0x0003e557       0x8c c:/program files/microchip/xc32/v4.00/bin/bin/../../lib/gcc/pic32c/8.3.1/../../../../pic32c/lib/thumb/v7e-m+dp/hard\libc-musl.a(strncpy.o)
 .debug_loc     0x0003e5e3       0x71 c:/program files/microchip/xc32/v4.00/bin/bin/../../lib/gcc/pic32c/8.3.1/../../../../pic32c/lib/thumb/v7e-m+dp/hard\libc-musl.a(strtok.o)
 .debug_loc     0x0003e654      0x5f2 c:/program files/microchip/xc32/v4.00/bin/bin/../../lib/gcc/pic32c/8.3.1/../../../../pic32c/lib/thumb/v7e-m+dp/hard\libc-musl.a(intscan.o)
 .debug_loc     0x0003ec46       0x77 c:/program files/microchip/xc32/v4.00/bin/bin/../../lib/gcc/pic32c/8.3.1/../../../../pic32c/lib/thumb/v7e-m+dp/hard\libc-musl.a(shgetc.o)
 .debug_loc     0x0003ecbd       0x5a c:/program files/microchip/xc32/v4.00/bin/bin/../../lib/gcc/pic32c/8.3.1/../../../../pic32c/lib/thumb/v7e-m+dp/hard\libc-musl.a(__uflow.o)
 .debug_loc     0x0003ed17       0x88 c:/program files/microchip/xc32/v4.00/bin/bin/../../lib/gcc/pic32c/8.3.1/../../../../pic32c/lib/thumb/v7e-m+dp/hard\libc-musl.a(vfprintf.o)
 .debug_loc     0x0003ed9f       0x60 c:/program files/microchip/xc32/v4.00/bin/bin/../../lib/gcc/pic32c/8.3.1/../../../../pic32c/lib/thumb/v7e-m+dp/hard\libc-musl.a(stpcpy.o)
 .debug_loc     0x0003edff      0x15b c:/program files/microchip/xc32/v4.00/bin/bin/../../lib/gcc/pic32c/8.3.1/../../../../pic32c/lib/thumb/v7e-m+dp/hard\libc-musl.a(stpncpy.o)
 .debug_loc     0x0003ef5a      0x13d c:/program files/microchip/xc32/v4.00/bin/bin/../../lib/gcc/pic32c/8.3.1/../../../../pic32c/lib/thumb/v7e-m+dp/hard\libc-musl.a(strcspn.o)
 .debug_loc     0x0003f097      0x13f c:/program files/microchip/xc32/v4.00/bin/bin/../../lib/gcc/pic32c/8.3.1/../../../../pic32c/lib/thumb/v7e-m+dp/hard\libc-musl.a(strspn.o)
 .debug_loc     0x0003f1d6       0x42 c:/program files/microchip/xc32/v4.00/bin/bin/../../lib/gcc/pic32c/8.3.1/../../../../pic32c/lib/thumb/v7e-m+dp/hard\libc-musl.a(__toread.o)
 .debug_loc     0x0003f218      0x638 c:/program files/microchip/xc32/v4.00/bin/bin/../../lib/gcc/pic32c/8.3.1/../../../../pic32c/lib/thumb/v7e-m+dp/hard\libc-musl.a(__printf_core.o)
 .debug_loc     0x0003f850      0xb78 c:/program files/microchip/xc32/v4.00/bin/bin/../../lib/gcc/pic32c/8.3.1/../../../../pic32c/lib/thumb/v7e-m+dp/hard\libc-musl.a(__fmt_a.o)
 .debug_loc     0x000403c8      0x1ef c:/program files/microchip/xc32/v4.00/bin/bin/../../lib/gcc/pic32c/8.3.1/../../../../pic32c/lib/thumb/v7e-m+dp/hard\libc-musl.a(__fmt_d.o)
 .debug_loc     0x000405b7      0xa8d c:/program files/microchip/xc32/v4.00/bin/bin/../../lib/gcc/pic32c/8.3.1/../../../../pic32c/lib/thumb/v7e-m+dp/hard\libc-musl.a(__fmt_fp.o)
 .debug_loc     0x00041044      0x10a c:/program files/microchip/xc32/v4.00/bin/bin/../../lib/gcc/pic32c/8.3.1/../../../../pic32c/lib/thumb/v7e-m+dp/hard\libc-musl.a(__fmt_o.o)
 .debug_loc     0x0004114e      0x157 c:/program files/microchip/xc32/v4.00/bin/bin/../../lib/gcc/pic32c/8.3.1/../../../../pic32c/lib/thumb/v7e-m+dp/hard\libc-musl.a(__fmt_s.o)
 .debug_loc     0x000412a5      0x2a2 c:/program files/microchip/xc32/v4.00/bin/bin/../../lib/gcc/pic32c/8.3.1/../../../../pic32c/lib/thumb/v7e-m+dp/hard\libc-musl.a(__fmt_u.o)
 .debug_loc     0x00041547      0x2a8 c:/program files/microchip/xc32/v4.00/bin/bin/../../lib/gcc/pic32c/8.3.1/../../../../pic32c/lib/thumb/v7e-m+dp/hard\libc-musl.a(__fmt_x.o)
 .debug_loc     0x000417ef       0xa6 c:/program files/microchip/xc32/v4.00/bin/bin/../../lib/gcc/pic32c/8.3.1/../../../../pic32c/lib/thumb/v7e-m+dp/hard\libc-musl.a(__pop_float.o)
 .debug_loc     0x00041895      0x312 c:/program files/microchip/xc32/v4.00/bin/bin/../../lib/gcc/pic32c/8.3.1/../../../../pic32c/lib/thumb/v7e-m+dp/hard\libc-musl.a(__pop_int.o)
 .debug_loc     0x00041ba7      0x1db c:/program files/microchip/xc32/v4.00/bin/bin/../../lib/gcc/pic32c/8.3.1/../../../../pic32c/lib/thumb/v7e-m+dp/hard\libc-musl.a(__pop_ptr.o)
 .debug_loc     0x00041d82     0x1041 c:/program files/microchip/xc32/v4.00/bin/bin/../../lib/gcc/pic32c/8.3.1/thumb/v7e-m+dp/hard\libgcc.a(_udivmoddi4.o)

.debug_aranges  0x00000000     0x2658
 .debug_aranges
                0x00000000      0x248 build/UDPServer/production/_ext/305229558/drv_ethphy.o
 .debug_aranges
                0x00000248       0x30 build/UDPServer/production/_ext/305229558/drv_extphy_ksz8061.o
 .debug_aranges
                0x00000278      0x278 build/UDPServer/production/_ext/1765021834/drv_gmac.o
 .debug_aranges
                0x000004f0      0x168 build/UDPServer/production/_ext/1765021834/drv_gmac_lib_samE7x_V7x.o
 .debug_aranges
                0x00000658       0xe0 build/UDPServer/production/_ext/657064018/drv_miim.o
 .debug_aranges
                0x00000738       0x48 build/UDPServer/production/_ext/1488525653/helpers.o
 .debug_aranges
                0x00000780       0x38 build/UDPServer/production/_ext/1488525653/icmp.o
 .debug_aranges
                0x000007b8      0x110 build/UDPServer/production/_ext/1488525653/arp.o
 .debug_aranges
                0x000008c8       0xc8 build/UDPServer/production/_ext/1488525653/tcpip_commands.o
 .debug_aranges
                0x00000990       0xf0 build/UDPServer/production/_ext/1488525653/ipv4.o
 .debug_aranges
                0x00000a80       0x48 build/UDPServer/production/_ext/1488525653/tcpip_heap_alloc.o
 .debug_aranges
                0x00000ac8       0x68 build/UDPServer/production/_ext/1488525653/tcpip_heap_internal.o
 .debug_aranges
                0x00000b30      0x188 build/UDPServer/production/_ext/1488525653/dhcp.o
 .debug_aranges
                0x00000cb8      0x130 build/UDPServer/production/_ext/1488525653/dns.o
 .debug_aranges
                0x00000de8       0x28 build/UDPServer/production/_ext/1488525653/hash_fnv.o
 .debug_aranges
                0x00000e10       0x50 build/UDPServer/production/_ext/1488525653/oahash.o
 .debug_aranges
                0x00000e60      0x218 build/UDPServer/production/_ext/1488525653/tcpip_helpers.o
 .debug_aranges
                0x00001078      0x398 build/UDPServer/production/_ext/1488525653/tcpip_manager.o
 .debug_aranges
                0x00001410       0x48 build/UDPServer/production/_ext/1488525653/tcpip_notify.o
 .debug_aranges
                0x00001458       0x88 build/UDPServer/production/_ext/1488525653/tcpip_packet.o
 .debug_aranges
                0x000014e0      0x1b8 build/UDPServer/production/_ext/1488525653/udp.o
 .debug_aranges
                0x00001698       0x20 build/UDPServer/production/_ext/1555995027/plib_clk.o
 .debug_aranges
                0x000016b8       0x70 build/UDPServer/production/_ext/1555993299/plib_efc.o
 .debug_aranges
                0x00001728       0x20 build/UDPServer/production/_ext/1555985283/plib_mpu.o
 .debug_aranges
                0x00001748       0x38 build/UDPServer/production/_ext/990868233/plib_nvic.o
 .debug_aranges
                0x00001780       0x60 build/UDPServer/production/_ext/1555982623/plib_pio.o
 .debug_aranges
                0x000017e0       0x68 build/UDPServer/production/_ext/1473827780/plib_tc0.o
 .debug_aranges
                0x00001848       0xc8 build/UDPServer/production/_ext/645775984/plib_usart1.o
 .debug_aranges
                0x00001910       0xf0 build/UDPServer/production/_ext/1684283038/sys_command.o
 .debug_aranges
                0x00001a00       0x68 build/UDPServer/production/_ext/1227570858/sys_console_uart.o
 .debug_aranges
                0x00001a68       0x88 build/UDPServer/production/_ext/1227570858/sys_console.o
 .debug_aranges
                0x00001af0       0x48 build/UDPServer/production/_ext/1702209242/sys_debug.o
 .debug_aranges
                0x00001b38       0x40 build/UDPServer/production/_ext/265507906/sys_int.o
 .debug_aranges
                0x00001b78       0x20 build/UDPServer/production/_ext/371567283/sys_reset.o
 .debug_aranges
                0x00001b98      0x128 build/UDPServer/production/_ext/1336745700/sys_time.o
 .debug_aranges
                0x00001cc0       0x40 build/UDPServer/production/_ext/1845636979/sys_time_h2_adapter.o
 .debug_aranges
                0x00001d00       0x20 build/UDPServer/production/_ext/1719611761/tasks.o
 .debug_aranges
                0x00001d20       0x28 build/UDPServer/production/_ext/1719611761/initialization.o
 .debug_aranges
                0x00001d48       0x20 build/UDPServer/production/_ext/1719611761/interrupts.o
 .debug_aranges
                0x00001d68       0x48 build/UDPServer/production/_ext/1719611761/exceptions.o
 .debug_aranges
                0x00001db0       0x28 build/UDPServer/production/_ext/1719611761/startup_xc32.o
 .debug_aranges
                0x00001dd8       0x28 build/UDPServer/production/_ext/1360937237/app.o
 .debug_aranges
                0x00001e00       0x20 build/UDPServer/production/_ext/1360937237/main.o
 .debug_aranges
                0x00001e20       0x90 build/UDPServer/production/_ext/1488525653/tcpip_announce.o
 .debug_aranges
                0x00001eb0       0x20 c:/program files/microchip/xc32/v4.00/bin/bin/../../lib/gcc/pic32c/8.3.1/../../../../pic32c/lib/thumb/v7e-m+dp/hard\libpic32c.a(data_init.o)
 .debug_aranges
                0x00001ed0       0x28 c:/program files/microchip/xc32/v4.00/bin/bin/../../lib/gcc/pic32c/8.3.1/../../../../pic32c/lib/thumb/v7e-m+dp/hard\libc-musl.a(isalnum.o)
 .debug_aranges
                0x00001ef8       0x28 c:/program files/microchip/xc32/v4.00/bin/bin/../../lib/gcc/pic32c/8.3.1/../../../../pic32c/lib/thumb/v7e-m+dp/hard\libc-musl.a(isxdigit.o)
 .debug_aranges
                0x00001f20       0x28 c:/program files/microchip/xc32/v4.00/bin/bin/../../lib/gcc/pic32c/8.3.1/../../../../pic32c/lib/thumb/v7e-m+dp/hard\libc-musl.a(tolower.o)
 .debug_aranges
                0x00001f48       0x28 c:/program files/microchip/xc32/v4.00/bin/bin/../../lib/gcc/pic32c/8.3.1/../../../../pic32c/lib/thumb/v7e-m+dp/hard\libc-musl.a(toupper.o)
 .debug_aranges
                0x00001f70       0x28 c:/program files/microchip/xc32/v4.00/bin/bin/../../lib/gcc/pic32c/8.3.1/../../../../pic32c/lib/thumb/v7e-m+dp/hard\libc-musl.a(__libc_start_main.o)
 .debug_aranges
                0x00001f98       0x18 c:/program files/microchip/xc32/v4.00/bin/bin/../../lib/gcc/pic32c/8.3.1/../../../../pic32c/lib/thumb/v7e-m+dp/hard\libc-musl.a(libc.o)
 .debug_aranges
                0x00001fb0       0x20 c:/program files/microchip/xc32/v4.00/bin/bin/../../lib/gcc/pic32c/8.3.1/../../../../pic32c/lib/thumb/v7e-m+dp/hard\libc-musl.a(calloc.o)
 .debug_aranges
                0x00001fd0       0x70 c:/program files/microchip/xc32/v4.00/bin/bin/../../lib/gcc/pic32c/8.3.1/../../../../pic32c/lib/thumb/v7e-m+dp/hard\libc-musl.a(malloc.o)
 .debug_aranges
                0x00002040       0x20 c:/program files/microchip/xc32/v4.00/bin/bin/../../lib/gcc/pic32c/8.3.1/../../../../pic32c/lib/thumb/v7e-m+dp/hard\libc-musl.a(expand_heap.o)
 .debug_aranges
                0x00002060       0x28 c:/program files/microchip/xc32/v4.00/bin/bin/../../lib/gcc/pic32c/8.3.1/../../../../pic32c/lib/thumb/v7e-m+dp/hard\libc-musl.a(rand.o)
 .debug_aranges
                0x00002088       0x20 c:/program files/microchip/xc32/v4.00/bin/bin/../../lib/gcc/pic32c/8.3.1/../../../../pic32c/lib/thumb/v7e-m+dp/hard\libc-musl.a(vsnprintf.o)
 .debug_aranges
                0x000020a8       0x20 c:/program files/microchip/xc32/v4.00/bin/bin/../../lib/gcc/pic32c/8.3.1/../../../../pic32c/lib/thumb/v7e-m+dp/hard\libc-musl.a(snprintf.o)
 .debug_aranges
                0x000020c8       0x20 c:/program files/microchip/xc32/v4.00/bin/bin/../../lib/gcc/pic32c/8.3.1/../../../../pic32c/lib/thumb/v7e-m+dp/hard\libc-musl.a(sprintf.o)
 .debug_aranges
                0x000020e8       0x20 c:/program files/microchip/xc32/v4.00/bin/bin/../../lib/gcc/pic32c/8.3.1/../../../../pic32c/lib/thumb/v7e-m+dp/hard\libc-musl.a(vsprintf.o)
 .debug_aranges
                0x00002108       0x20 c:/program files/microchip/xc32/v4.00/bin/bin/../../lib/gcc/pic32c/8.3.1/../../../../pic32c/lib/thumb/v7e-m+dp/hard\libc-musl.a(atoi.o)
 .debug_aranges
                0x00002128       0x50 c:/program files/microchip/xc32/v4.00/bin/bin/../../lib/gcc/pic32c/8.3.1/../../../../pic32c/lib/thumb/v7e-m+dp/hard\libc-musl.a(strtol.o)
 .debug_aranges
                0x00002178       0x20 c:/program files/microchip/xc32/v4.00/bin/bin/../../lib/gcc/pic32c/8.3.1/../../../../pic32c/lib/thumb/v7e-m+dp/hard\libc-musl.a(memcmp.o)
 .debug_aranges
                0x00002198       0x20 c:/program files/microchip/xc32/v4.00/bin/bin/../../lib/gcc/pic32c/8.3.1/../../../../pic32c/lib/thumb/v7e-m+dp/hard\libc-musl.a(memcpy.o)
 .debug_aranges
                0x000021b8       0x20 c:/program files/microchip/xc32/v4.00/bin/bin/../../lib/gcc/pic32c/8.3.1/../../../../pic32c/lib/thumb/v7e-m+dp/hard\libc-musl.a(memset.o)
 .debug_aranges
                0x000021d8       0x20 c:/program files/microchip/xc32/v4.00/bin/bin/../../lib/gcc/pic32c/8.3.1/../../../../pic32c/lib/thumb/v7e-m+dp/hard\libc-musl.a(strlen.o)
 .debug_aranges
                0x000021f8       0x20 c:/program files/microchip/xc32/v4.00/bin/bin/../../lib/gcc/pic32c/8.3.1/../../../../pic32c/lib/thumb/v7e-m+dp/hard\libc-musl.a(strchr.o)
 .debug_aranges
                0x00002218       0x20 c:/program files/microchip/xc32/v4.00/bin/bin/../../lib/gcc/pic32c/8.3.1/../../../../pic32c/lib/thumb/v7e-m+dp/hard\libc-musl.a(strchrnul.o)
 .debug_aranges
                0x00002238       0x20 c:/program files/microchip/xc32/v4.00/bin/bin/../../lib/gcc/pic32c/8.3.1/../../../../pic32c/lib/thumb/v7e-m+dp/hard\libc-musl.a(strcmp.o)
 .debug_aranges
                0x00002258       0x20 c:/program files/microchip/xc32/v4.00/bin/bin/../../lib/gcc/pic32c/8.3.1/../../../../pic32c/lib/thumb/v7e-m+dp/hard\libc-musl.a(strcpy.o)
 .debug_aranges
                0x00002278       0x20 c:/program files/microchip/xc32/v4.00/bin/bin/../../lib/gcc/pic32c/8.3.1/../../../../pic32c/lib/thumb/v7e-m+dp/hard\libc-musl.a(strncmp.o)
 .debug_aranges
                0x00002298       0x20 c:/program files/microchip/xc32/v4.00/bin/bin/../../lib/gcc/pic32c/8.3.1/../../../../pic32c/lib/thumb/v7e-m+dp/hard\libc-musl.a(strncpy.o)
 .debug_aranges
                0x000022b8       0x20 c:/program files/microchip/xc32/v4.00/bin/bin/../../lib/gcc/pic32c/8.3.1/../../../../pic32c/lib/thumb/v7e-m+dp/hard\libc-musl.a(strtok.o)
 .debug_aranges
                0x000022d8       0x18 c:/program files/microchip/xc32/v4.00/bin/bin/../../lib/gcc/pic32c/8.3.1/../../../../pic32c/lib/thumb/v7e-m+dp/hard\libc-musl.a(__environ.o)
 .debug_aranges
                0x000022f0       0x18 c:/program files/microchip/xc32/v4.00/bin/bin/../../lib/gcc/pic32c/8.3.1/../../../../pic32c/lib/thumb/v7e-m+dp/hard\libc-musl.a(__errno_location.o)
 .debug_aranges
                0x00002308       0x20 c:/program files/microchip/xc32/v4.00/bin/bin/../../lib/gcc/pic32c/8.3.1/../../../../pic32c/lib/thumb/v7e-m+dp/hard\libc-musl.a(intscan.o)
 .debug_aranges
                0x00002328       0x28 c:/program files/microchip/xc32/v4.00/bin/bin/../../lib/gcc/pic32c/8.3.1/../../../../pic32c/lib/thumb/v7e-m+dp/hard\libc-musl.a(shgetc.o)
 .debug_aranges
                0x00002350       0x20 c:/program files/microchip/xc32/v4.00/bin/bin/../../lib/gcc/pic32c/8.3.1/../../../../pic32c/lib/thumb/v7e-m+dp/hard\libc-musl.a(__uflow.o)
 .debug_aranges
                0x00002370       0x28 c:/program files/microchip/xc32/v4.00/bin/bin/../../lib/gcc/pic32c/8.3.1/../../../../pic32c/lib/thumb/v7e-m+dp/hard\libc-musl.a(vfprintf.o)
 .debug_aranges
                0x00002398       0x20 c:/program files/microchip/xc32/v4.00/bin/bin/../../lib/gcc/pic32c/8.3.1/../../../../pic32c/lib/thumb/v7e-m+dp/hard\libc-musl.a(stpcpy.o)
 .debug_aranges
                0x000023b8       0x20 c:/program files/microchip/xc32/v4.00/bin/bin/../../lib/gcc/pic32c/8.3.1/../../../../pic32c/lib/thumb/v7e-m+dp/hard\libc-musl.a(stpncpy.o)
 .debug_aranges
                0x000023d8       0x20 c:/program files/microchip/xc32/v4.00/bin/bin/../../lib/gcc/pic32c/8.3.1/../../../../pic32c/lib/thumb/v7e-m+dp/hard\libc-musl.a(strcspn.o)
 .debug_aranges
                0x000023f8       0x20 c:/program files/microchip/xc32/v4.00/bin/bin/../../lib/gcc/pic32c/8.3.1/../../../../pic32c/lib/thumb/v7e-m+dp/hard\libc-musl.a(strspn.o)
 .debug_aranges
                0x00002418       0x28 c:/program files/microchip/xc32/v4.00/bin/bin/../../lib/gcc/pic32c/8.3.1/../../../../pic32c/lib/thumb/v7e-m+dp/hard\libc-musl.a(__toread.o)
 .debug_aranges
                0x00002440       0x50 c:/program files/microchip/xc32/v4.00/bin/bin/../../lib/gcc/pic32c/8.3.1/../../../../pic32c/lib/thumb/v7e-m+dp/hard\libc-musl.a(__printf_core.o)
 .debug_aranges
                0x00002490       0x20 c:/program files/microchip/xc32/v4.00/bin/bin/../../lib/gcc/pic32c/8.3.1/../../../../pic32c/lib/thumb/v7e-m+dp/hard\libc-musl.a(__fmt_a.o)
 .debug_aranges
                0x000024b0       0x20 c:/program files/microchip/xc32/v4.00/bin/bin/../../lib/gcc/pic32c/8.3.1/../../../../pic32c/lib/thumb/v7e-m+dp/hard\libc-musl.a(__fmt_d.o)
 .debug_aranges
                0x000024d0       0x20 c:/program files/microchip/xc32/v4.00/bin/bin/../../lib/gcc/pic32c/8.3.1/../../../../pic32c/lib/thumb/v7e-m+dp/hard\libc-musl.a(__fmt_fp.o)
 .debug_aranges
                0x000024f0       0x20 c:/program files/microchip/xc32/v4.00/bin/bin/../../lib/gcc/pic32c/8.3.1/../../../../pic32c/lib/thumb/v7e-m+dp/hard\libc-musl.a(__fmt_o.o)
 .debug_aranges
                0x00002510       0x20 c:/program files/microchip/xc32/v4.00/bin/bin/../../lib/gcc/pic32c/8.3.1/../../../../pic32c/lib/thumb/v7e-m+dp/hard\libc-musl.a(__fmt_s.o)
 .debug_aranges
                0x00002530       0x28 c:/program files/microchip/xc32/v4.00/bin/bin/../../lib/gcc/pic32c/8.3.1/../../../../pic32c/lib/thumb/v7e-m+dp/hard\libc-musl.a(__fmt_u.o)
 .debug_aranges
                0x00002558       0x20 c:/program files/microchip/xc32/v4.00/bin/bin/../../lib/gcc/pic32c/8.3.1/../../../../pic32c/lib/thumb/v7e-m+dp/hard\libc-musl.a(__fmt_x.o)
 .debug_aranges
                0x00002578       0x20 c:/program files/microchip/xc32/v4.00/bin/bin/../../lib/gcc/pic32c/8.3.1/../../../../pic32c/lib/thumb/v7e-m+dp/hard\libc-musl.a(__pop_float.o)
 .debug_aranges
                0x00002598       0x20 c:/program files/microchip/xc32/v4.00/bin/bin/../../lib/gcc/pic32c/8.3.1/../../../../pic32c/lib/thumb/v7e-m+dp/hard\libc-musl.a(__pop_int.o)
 .debug_aranges
                0x000025b8       0x20 c:/program files/microchip/xc32/v4.00/bin/bin/../../lib/gcc/pic32c/8.3.1/../../../../pic32c/lib/thumb/v7e-m+dp/hard\libc-musl.a(__pop_ptr.o)
 .debug_aranges
                0x000025d8       0x20 c:/program files/microchip/xc32/v4.00/bin/bin/../../lib/gcc/pic32c/8.3.1/thumb/v7e-m+dp/hard\libgcc.a(_aeabi_uldivmod.o)
 .debug_aranges
                0x000025f8       0x20 c:/program files/microchip/xc32/v4.00/bin/bin/../../lib/gcc/pic32c/8.3.1/thumb/v7e-m+dp/hard\libgcc.a(_udivmoddi4.o)
 .debug_aranges
                0x00002618       0x20 c:/program files/microchip/xc32/v4.00/bin/bin/../../lib/gcc/pic32c/8.3.1/thumb/v7e-m+dp/hard\libgcc.a(_dvmd_tls.o)
 .debug_aranges
                0x00002638       0x20 c:/program files/microchip/xc32/v4.00/bin/bin/../../lib/gcc/pic32c/8.3.1/../../../../pic32c/lib/thumb/v7e-m+dp/hard\libpic32c.a(sbrk.o)

.debug_ranges   0x00000000     0x4dd0
 .debug_ranges  0x00000000      0x310 build/UDPServer/production/_ext/305229558/drv_ethphy.o
 .debug_ranges  0x00000310       0x20 build/UDPServer/production/_ext/305229558/drv_extphy_ksz8061.o
 .debug_ranges  0x00000330      0x3b0 build/UDPServer/production/_ext/1765021834/drv_gmac.o
 .debug_ranges  0x000006e0      0x340 build/UDPServer/production/_ext/1765021834/drv_gmac_lib_samE7x_V7x.o
 .debug_ranges  0x00000a20      0x458 build/UDPServer/production/_ext/657064018/drv_miim.o
 .debug_ranges  0x00000e78       0x38 build/UDPServer/production/_ext/1488525653/helpers.o
 .debug_ranges  0x00000eb0       0x28 build/UDPServer/production/_ext/1488525653/icmp.o
 .debug_ranges  0x00000ed8      0x4a8 build/UDPServer/production/_ext/1488525653/arp.o
 .debug_ranges  0x00001380      0x178 build/UDPServer/production/_ext/1488525653/tcpip_commands.o
 .debug_ranges  0x000014f8      0x290 build/UDPServer/production/_ext/1488525653/ipv4.o
 .debug_ranges  0x00001788       0x38 build/UDPServer/production/_ext/1488525653/tcpip_heap_alloc.o
 .debug_ranges  0x000017c0      0x148 build/UDPServer/production/_ext/1488525653/tcpip_heap_internal.o
 .debug_ranges  0x00001908      0x508 build/UDPServer/production/_ext/1488525653/dhcp.o
 .debug_ranges  0x00001e10      0x310 build/UDPServer/production/_ext/1488525653/dns.o
 .debug_ranges  0x00002120       0x18 build/UDPServer/production/_ext/1488525653/hash_fnv.o
 .debug_ranges  0x00002138       0x40 build/UDPServer/production/_ext/1488525653/oahash.o
 .debug_ranges  0x00002178      0x4c0 build/UDPServer/production/_ext/1488525653/tcpip_helpers.o